Test project /tmp/larp-session-acceptance.tUrTt5/build-sanitize
    Start  2: nvenc
1/5 Test  #2: nvenc ............................***Failed    2.97 sec

=================================================================
==181109==ERROR: LeakSanitizer: detected memory leaks

Direct leak of 56 byte(s) in 1 object(s) allocated from:
    #0 0x7f232f92bea9 in calloc (/usr/lib/libasan.so.8+0x12bea9) (BuildId: b8a4241051a1621937fdc46e867ba7ecb56d96ea)
    #1 0x7b231390caea  (/usr/lib/../lib/libcuda.so.1+0x30caea) (BuildId: bc95112d022d2c8bd1a723ed309d4331b21c76bc)
    #2 0x7b2313935746  (/usr/lib/../lib/libcuda.so.1+0x335746) (BuildId: bc95112d022d2c8bd1a723ed309d4331b21c76bc)
    #3 0x7b23139362bd  (/usr/lib/../lib/libcuda.so.1+0x3362bd) (BuildId: bc95112d022d2c8bd1a723ed309d4331b21c76bc)
    #4 0x7b2313974859  (/usr/lib/../lib/libcuda.so.1+0x374859) (BuildId: bc95112d022d2c8bd1a723ed309d4331b21c76bc)
    #5 0x7b23139739d9 in cuInit (/usr/lib/../lib/libcuda.so.1+0x3739d9) (BuildId: bc95112d022d2c8bd1a723ed309d4331b21c76bc)
    #6 0x7f232dc777de  (/usr/lib/libavcodec.so.63+0x777de) (BuildId: 54e1809e40ced7f0c4dcc85f9eb7b685c5fe9c05)

Direct leak of 48 byte(s) in 1 object(s) allocated from:
    #0 0x7f232f92bea9 in calloc (/usr/lib/libasan.so.8+0x12bea9) (BuildId: b8a4241051a1621937fdc46e867ba7ecb56d96ea)
    #1 0x7f232c495b67 in pthread_cond_broadcast (/usr/lib/libc.so.6+0x95b67) (BuildId: 503200d7fda94a5dc6058d7e0694e5d1dcb2e372)
    #2 0x7f231f666386  (<unknown module>)

Direct leak of 48 byte(s) in 1 object(s) allocated from:
    #0 0x7f232f92bea9 in calloc (/usr/lib/libasan.so.8+0x12bea9) (BuildId: b8a4241051a1621937fdc46e867ba7ecb56d96ea)
    #1 0x7f232c495b67 in pthread_cond_broadcast (/usr/lib/libc.so.6+0x95b67) (BuildId: 503200d7fda94a5dc6058d7e0694e5d1dcb2e372)
    #2 0x7b2311a9f0d6  (<unknown module>)

Indirect leak of 96 byte(s) in 1 object(s) allocated from:
    #0 0x7f232f92bea9 in calloc (/usr/lib/libasan.so.8+0x12bea9) (BuildId: b8a4241051a1621937fdc46e867ba7ecb56d96ea)
    #1 0x7b231390cb05  (/usr/lib/../lib/libcuda.so.1+0x30cb05) (BuildId: bc95112d022d2c8bd1a723ed309d4331b21c76bc)
    #2 0x7b2313935746  (/usr/lib/../lib/libcuda.so.1+0x335746) (BuildId: bc95112d022d2c8bd1a723ed309d4331b21c76bc)
    #3 0x7b23139362bd  (/usr/lib/../lib/libcuda.so.1+0x3362bd) (BuildId: bc95112d022d2c8bd1a723ed309d4331b21c76bc)
    #4 0x7b2313974859  (/usr/lib/../lib/libcuda.so.1+0x374859) (BuildId: bc95112d022d2c8bd1a723ed309d4331b21c76bc)
    #5 0x7b23139739d9 in cuInit (/usr/lib/../lib/libcuda.so.1+0x3739d9) (BuildId: bc95112d022d2c8bd1a723ed309d4331b21c76bc)
    #6 0x7f232dc777de  (/usr/lib/libavcodec.so.63+0x777de) (BuildId: 54e1809e40ced7f0c4dcc85f9eb7b685c5fe9c05)

Indirect leak of 22 byte(s) in 1 object(s) allocated from:
    #0 0x7f232f92c0c1 in malloc (/usr/lib/libasan.so.8+0x12c0c1) (BuildId: b8a4241051a1621937fdc46e867ba7ecb56d96ea)
    #1 0x7b2313a8bc60  (/usr/lib/../lib/libcuda.so.1+0x48bc60) (BuildId: bc95112d022d2c8bd1a723ed309d4331b21c76bc)
    #2 0x7b231390cb41  (/usr/lib/../lib/libcuda.so.1+0x30cb41) (BuildId: bc95112d022d2c8bd1a723ed309d4331b21c76bc)
    #3 0x7b2313935746  (/usr/lib/../lib/libcuda.so.1+0x335746) (BuildId: bc95112d022d2c8bd1a723ed309d4331b21c76bc)
    #4 0x7b23139362bd  (/usr/lib/../lib/libcuda.so.1+0x3362bd) (BuildId: bc95112d022d2c8bd1a723ed309d4331b21c76bc)
    #5 0x7b2313974859  (/usr/lib/../lib/libcuda.so.1+0x374859) (BuildId: bc95112d022d2c8bd1a723ed309d4331b21c76bc)
    #6 0x7b23139739d9 in cuInit (/usr/lib/../lib/libcuda.so.1+0x3739d9) (BuildId: bc95112d022d2c8bd1a723ed309d4331b21c76bc)
    #7 0x7f232dc777de  (/usr/lib/libavcodec.so.63+0x777de) (BuildId: 54e1809e40ced7f0c4dcc85f9eb7b685c5fe9c05)

Indirect leak of 9 byte(s) in 1 object(s) allocated from:
    #0 0x7f232f92c0c1 in malloc (/usr/lib/libasan.so.8+0x12c0c1) (BuildId: b8a4241051a1621937fdc46e867ba7ecb56d96ea)
    #1 0x7b2313a8ba50  (/usr/lib/../lib/libcuda.so.1+0x48ba50) (BuildId: bc95112d022d2c8bd1a723ed309d4331b21c76bc)
    #2 0x7b2313a8bd16  (/usr/lib/../lib/libcuda.so.1+0x48bd16) (BuildId: bc95112d022d2c8bd1a723ed309d4331b21c76bc)
    #3 0x7b231390cb41  (/usr/lib/../lib/libcuda.so.1+0x30cb41) (BuildId: bc95112d022d2c8bd1a723ed309d4331b21c76bc)
    #4 0x7b2313935746  (/usr/lib/../lib/libcuda.so.1+0x335746) (BuildId: bc95112d022d2c8bd1a723ed309d4331b21c76bc)
    #5 0x7b23139362bd  (/usr/lib/../lib/libcuda.so.1+0x3362bd) (BuildId: bc95112d022d2c8bd1a723ed309d4331b21c76bc)
    #6 0x7b2313974859  (/usr/lib/../lib/libcuda.so.1+0x374859) (BuildId: bc95112d022d2c8bd1a723ed309d4331b21c76bc)
    #7 0x7b23139739d9 in cuInit (/usr/lib/../lib/libcuda.so.1+0x3739d9) (BuildId: bc95112d022d2c8bd1a723ed309d4331b21c76bc)
    #8 0x7f232dc777de  (/usr/lib/libavcodec.so.63+0x777de) (BuildId: 54e1809e40ced7f0c4dcc85f9eb7b685c5fe9c05)

SUMMARY: AddressSanitizer: 279 byte(s) leaked in 6 allocation(s).

    Start  3: nvdec
2/5 Test  #3: nvdec ............................***Failed    3.28 sec
[libx264 @ 0x7cf4871e0f80] using cpu capabilities: MMX2 SSE2Fast SSSE3 SSE4.2 AVX FMA3 BMI2 AVX2
[libx264 @ 0x7cf4871e0f80] profile Constrained Baseline, level 1.3, 4:2:0, 8-bit
[libx264 @ 0x7cf4874ab080] using cpu capabilities: MMX2 SSE2Fast SSSE3 SSE4.2 AVX FMA3 BMI2 AVX2
[libx264 @ 0x7cf4874ab080] profile Constrained Baseline, level 1.1, 4:2:0, 8-bit
[libx264 @ 0x7cf4874ab080] frame I:1     Avg QP:20.00  size:   831
[libx264 @ 0x7cf4874ab080] mb I  I16..4: 100.0%  0.0%  0.0%
[libx264 @ 0x7cf4874ab080] coded y,uvDC,uvAC intra: 0.0% 0.0% 0.0%
[libx264 @ 0x7cf4874ab080] i16 v,h,dc,p: 92%  0%  8%  0%
[libx264 @ 0x7cf4874ab080] i8c dc,h,v,p: 100%  0%  0%  0%
[libx264 @ 0x7cf4874ab080] kb/s:33.24
[libx264 @ 0x7cf4871e0f80] frame I:1003  Avg QP:15.00  size:   236
[libx264 @ 0x7cf4871e0f80] mb I  I16..4: 100.0%  0.0%  0.0%
[libx264 @ 0x7cf4871e0f80] coded y,uvDC,uvAC intra: 0.0% 0.0% 0.0%
[libx264 @ 0x7cf4871e0f80] i16 v,h,dc,p: 92%  0%  8%  0%
[libx264 @ 0x7cf4871e0f80] i8c dc,h,v,p: 100%  0%  0%  0%
[libx264 @ 0x7cf4871e0f80] kb/s:56.71

=================================================================
==181200==ERROR: LeakSanitizer: detected memory leaks

Direct leak of 56 byte(s) in 1 object(s) allocated from:
    #0 0x7f649a72bea9 in calloc (/usr/lib/libasan.so.8+0x12bea9) (BuildId: b8a4241051a1621937fdc46e867ba7ecb56d96ea)
    #1 0x7b647e70caea  (/usr/lib/../lib/libcuda.so.1+0x30caea) (BuildId: bc95112d022d2c8bd1a723ed309d4331b21c76bc)
    #2 0x7b647e735746  (/usr/lib/../lib/libcuda.so.1+0x335746) (BuildId: bc95112d022d2c8bd1a723ed309d4331b21c76bc)
    #3 0x7b647e7362bd  (/usr/lib/../lib/libcuda.so.1+0x3362bd) (BuildId: bc95112d022d2c8bd1a723ed309d4331b21c76bc)
    #4 0x7b647e774859  (/usr/lib/../lib/libcuda.so.1+0x374859) (BuildId: bc95112d022d2c8bd1a723ed309d4331b21c76bc)
    #5 0x7b647e7739d9 in cuInit (/usr/lib/../lib/libcuda.so.1+0x3739d9) (BuildId: bc95112d022d2c8bd1a723ed309d4331b21c76bc)
    #6 0x7f649823da61  (/usr/lib/libavutil.so.61+0x3da61) (BuildId: dbf66f14be49b0d2aa0456d42ac82c889711b9bc)

Direct leak of 48 byte(s) in 1 object(s) allocated from:
    #0 0x7f649a72bea9 in calloc (/usr/lib/libasan.so.8+0x12bea9) (BuildId: b8a4241051a1621937fdc46e867ba7ecb56d96ea)
    #1 0x7f6497295b67 in pthread_cond_broadcast (/usr/lib/libc.so.6+0x95b67) (BuildId: 503200d7fda94a5dc6058d7e0694e5d1dcb2e372)
    #2 0x7b646d49f0d6  (<unknown module>)

Indirect leak of 96 byte(s) in 1 object(s) allocated from:
    #0 0x7f649a72bea9 in calloc (/usr/lib/libasan.so.8+0x12bea9) (BuildId: b8a4241051a1621937fdc46e867ba7ecb56d96ea)
    #1 0x7b647e70cb05  (/usr/lib/../lib/libcuda.so.1+0x30cb05) (BuildId: bc95112d022d2c8bd1a723ed309d4331b21c76bc)
    #2 0x7b647e735746  (/usr/lib/../lib/libcuda.so.1+0x335746) (BuildId: bc95112d022d2c8bd1a723ed309d4331b21c76bc)
    #3 0x7b647e7362bd  (/usr/lib/../lib/libcuda.so.1+0x3362bd) (BuildId: bc95112d022d2c8bd1a723ed309d4331b21c76bc)
    #4 0x7b647e774859  (/usr/lib/../lib/libcuda.so.1+0x374859) (BuildId: bc95112d022d2c8bd1a723ed309d4331b21c76bc)
    #5 0x7b647e7739d9 in cuInit (/usr/lib/../lib/libcuda.so.1+0x3739d9) (BuildId: bc95112d022d2c8bd1a723ed309d4331b21c76bc)
    #6 0x7f649823da61  (/usr/lib/libavutil.so.61+0x3da61) (BuildId: dbf66f14be49b0d2aa0456d42ac82c889711b9bc)

Indirect leak of 22 byte(s) in 1 object(s) allocated from:
    #0 0x7f649a72c0c1 in malloc (/usr/lib/libasan.so.8+0x12c0c1) (BuildId: b8a4241051a1621937fdc46e867ba7ecb56d96ea)
    #1 0x7b647e88bc60  (/usr/lib/../lib/libcuda.so.1+0x48bc60) (BuildId: bc95112d022d2c8bd1a723ed309d4331b21c76bc)
    #2 0x7b647e70cb41  (/usr/lib/../lib/libcuda.so.1+0x30cb41) (BuildId: bc95112d022d2c8bd1a723ed309d4331b21c76bc)
    #3 0x7b647e735746  (/usr/lib/../lib/libcuda.so.1+0x335746) (BuildId: bc95112d022d2c8bd1a723ed309d4331b21c76bc)
    #4 0x7b647e7362bd  (/usr/lib/../lib/libcuda.so.1+0x3362bd) (BuildId: bc95112d022d2c8bd1a723ed309d4331b21c76bc)
    #5 0x7b647e774859  (/usr/lib/../lib/libcuda.so.1+0x374859) (BuildId: bc95112d022d2c8bd1a723ed309d4331b21c76bc)
    #6 0x7b647e7739d9 in cuInit (/usr/lib/../lib/libcuda.so.1+0x3739d9) (BuildId: bc95112d022d2c8bd1a723ed309d4331b21c76bc)
    #7 0x7f649823da61  (/usr/lib/libavutil.so.61+0x3da61) (BuildId: dbf66f14be49b0d2aa0456d42ac82c889711b9bc)

Indirect leak of 9 byte(s) in 1 object(s) allocated from:
    #0 0x7f649a72c0c1 in malloc (/usr/lib/libasan.so.8+0x12c0c1) (BuildId: b8a4241051a1621937fdc46e867ba7ecb56d96ea)
    #1 0x7b647e88ba50  (/usr/lib/../lib/libcuda.so.1+0x48ba50) (BuildId: bc95112d022d2c8bd1a723ed309d4331b21c76bc)
    #2 0x7b647e88bd16  (/usr/lib/../lib/libcuda.so.1+0x48bd16) (BuildId: bc95112d022d2c8bd1a723ed309d4331b21c76bc)
    #3 0x7b647e70cb41  (/usr/lib/../lib/libcuda.so.1+0x30cb41) (BuildId: bc95112d022d2c8bd1a723ed309d4331b21c76bc)
    #4 0x7b647e735746  (/usr/lib/../lib/libcuda.so.1+0x335746) (BuildId: bc95112d022d2c8bd1a723ed309d4331b21c76bc)
    #5 0x7b647e7362bd  (/usr/lib/../lib/libcuda.so.1+0x3362bd) (BuildId: bc95112d022d2c8bd1a723ed309d4331b21c76bc)
    #6 0x7b647e774859  (/usr/lib/../lib/libcuda.so.1+0x374859) (BuildId: bc95112d022d2c8bd1a723ed309d4331b21c76bc)
    #7 0x7b647e7739d9 in cuInit (/usr/lib/../lib/libcuda.so.1+0x3739d9) (BuildId: bc95112d022d2c8bd1a723ed309d4331b21c76bc)
    #8 0x7f649823da61  (/usr/lib/libavutil.so.61+0x3da61) (BuildId: dbf66f14be49b0d2aa0456d42ac82c889711b9bc)

SUMMARY: AddressSanitizer: 231 byte(s) leaked in 5 allocation(s).

    Start  4: nvidia-roundtrip
3/5 Test  #4: nvidia-roundtrip .................***Failed    3.75 sec

=================================================================
==181297==ERROR: LeakSanitizer: detected memory leaks

Direct leak of 56 byte(s) in 1 object(s) allocated from:
    #0 0x7fa6a192bea9 in calloc (/usr/lib/libasan.so.8+0x12bea9) (BuildId: b8a4241051a1621937fdc46e867ba7ecb56d96ea)
    #1 0x7ba68590caea  (/usr/lib/../lib/libcuda.so.1+0x30caea) (BuildId: bc95112d022d2c8bd1a723ed309d4331b21c76bc)
    #2 0x7ba685935746  (/usr/lib/../lib/libcuda.so.1+0x335746) (BuildId: bc95112d022d2c8bd1a723ed309d4331b21c76bc)
    #3 0x7ba6859362bd  (/usr/lib/../lib/libcuda.so.1+0x3362bd) (BuildId: bc95112d022d2c8bd1a723ed309d4331b21c76bc)
    #4 0x7ba685974859  (/usr/lib/../lib/libcuda.so.1+0x374859) (BuildId: bc95112d022d2c8bd1a723ed309d4331b21c76bc)
    #5 0x7ba6859739d9 in cuInit (/usr/lib/../lib/libcuda.so.1+0x3739d9) (BuildId: bc95112d022d2c8bd1a723ed309d4331b21c76bc)
    #6 0x7fa69fc777de  (/usr/lib/libavcodec.so.63+0x777de) (BuildId: 54e1809e40ced7f0c4dcc85f9eb7b685c5fe9c05)

Direct leak of 48 byte(s) in 1 object(s) allocated from:
    #0 0x7fa6a192bea9 in calloc (/usr/lib/libasan.so.8+0x12bea9) (BuildId: b8a4241051a1621937fdc46e867ba7ecb56d96ea)
    #1 0x7fa69e495b67 in pthread_cond_broadcast (/usr/lib/libc.so.6+0x95b67) (BuildId: 503200d7fda94a5dc6058d7e0694e5d1dcb2e372)
    #2 0x7fa691239386  (<unknown module>)

Direct leak of 48 byte(s) in 1 object(s) allocated from:
    #0 0x7fa6a192bea9 in calloc (/usr/lib/libasan.so.8+0x12bea9) (BuildId: b8a4241051a1621937fdc46e867ba7ecb56d96ea)
    #1 0x7fa69e495b67 in pthread_cond_broadcast (/usr/lib/libc.so.6+0x95b67) (BuildId: 503200d7fda94a5dc6058d7e0694e5d1dcb2e372)
    #2 0x7ba683a9f0d6  (<unknown module>)

Indirect leak of 96 byte(s) in 1 object(s) allocated from:
    #0 0x7fa6a192bea9 in calloc (/usr/lib/libasan.so.8+0x12bea9) (BuildId: b8a4241051a1621937fdc46e867ba7ecb56d96ea)
    #1 0x7ba68590cb05  (/usr/lib/../lib/libcuda.so.1+0x30cb05) (BuildId: bc95112d022d2c8bd1a723ed309d4331b21c76bc)
    #2 0x7ba685935746  (/usr/lib/../lib/libcuda.so.1+0x335746) (BuildId: bc95112d022d2c8bd1a723ed309d4331b21c76bc)
    #3 0x7ba6859362bd  (/usr/lib/../lib/libcuda.so.1+0x3362bd) (BuildId: bc95112d022d2c8bd1a723ed309d4331b21c76bc)
    #4 0x7ba685974859  (/usr/lib/../lib/libcuda.so.1+0x374859) (BuildId: bc95112d022d2c8bd1a723ed309d4331b21c76bc)
    #5 0x7ba6859739d9 in cuInit (/usr/lib/../lib/libcuda.so.1+0x3739d9) (BuildId: bc95112d022d2c8bd1a723ed309d4331b21c76bc)
    #6 0x7fa69fc777de  (/usr/lib/libavcodec.so.63+0x777de) (BuildId: 54e1809e40ced7f0c4dcc85f9eb7b685c5fe9c05)

Indirect leak of 22 byte(s) in 1 object(s) allocated from:
    #0 0x7fa6a192c0c1 in malloc (/usr/lib/libasan.so.8+0x12c0c1) (BuildId: b8a4241051a1621937fdc46e867ba7ecb56d96ea)
    #1 0x7ba685a8bc60  (/usr/lib/../lib/libcuda.so.1+0x48bc60) (BuildId: bc95112d022d2c8bd1a723ed309d4331b21c76bc)
    #2 0x7ba68590cb41  (/usr/lib/../lib/libcuda.so.1+0x30cb41) (BuildId: bc95112d022d2c8bd1a723ed309d4331b21c76bc)
    #3 0x7ba685935746  (/usr/lib/../lib/libcuda.so.1+0x335746) (BuildId: bc95112d022d2c8bd1a723ed309d4331b21c76bc)
    #4 0x7ba6859362bd  (/usr/lib/../lib/libcuda.so.1+0x3362bd) (BuildId: bc95112d022d2c8bd1a723ed309d4331b21c76bc)
    #5 0x7ba685974859  (/usr/lib/../lib/libcuda.so.1+0x374859) (BuildId: bc95112d022d2c8bd1a723ed309d4331b21c76bc)
    #6 0x7ba6859739d9 in cuInit (/usr/lib/../lib/libcuda.so.1+0x3739d9) (BuildId: bc95112d022d2c8bd1a723ed309d4331b21c76bc)
    #7 0x7fa69fc777de  (/usr/lib/libavcodec.so.63+0x777de) (BuildId: 54e1809e40ced7f0c4dcc85f9eb7b685c5fe9c05)

Indirect leak of 9 byte(s) in 1 object(s) allocated from:
    #0 0x7fa6a192c0c1 in malloc (/usr/lib/libasan.so.8+0x12c0c1) (BuildId: b8a4241051a1621937fdc46e867ba7ecb56d96ea)
    #1 0x7ba685a8ba50  (/usr/lib/../lib/libcuda.so.1+0x48ba50) (BuildId: bc95112d022d2c8bd1a723ed309d4331b21c76bc)
    #2 0x7ba685a8bd16  (/usr/lib/../lib/libcuda.so.1+0x48bd16) (BuildId: bc95112d022d2c8bd1a723ed309d4331b21c76bc)
    #3 0x7ba68590cb41  (/usr/lib/../lib/libcuda.so.1+0x30cb41) (BuildId: bc95112d022d2c8bd1a723ed309d4331b21c76bc)
    #4 0x7ba685935746  (/usr/lib/../lib/libcuda.so.1+0x335746) (BuildId: bc95112d022d2c8bd1a723ed309d4331b21c76bc)
    #5 0x7ba6859362bd  (/usr/lib/../lib/libcuda.so.1+0x3362bd) (BuildId: bc95112d022d2c8bd1a723ed309d4331b21c76bc)
    #6 0x7ba685974859  (/usr/lib/../lib/libcuda.so.1+0x374859) (BuildId: bc95112d022d2c8bd1a723ed309d4331b21c76bc)
    #7 0x7ba6859739d9 in cuInit (/usr/lib/../lib/libcuda.so.1+0x3739d9) (BuildId: bc95112d022d2c8bd1a723ed309d4331b21c76bc)
    #8 0x7fa69fc777de  (/usr/lib/libavcodec.so.63+0x777de) (BuildId: 54e1809e40ced7f0c4dcc85f9eb7b685c5fe9c05)

SUMMARY: AddressSanitizer: 279 byte(s) leaked in 6 allocation(s).

    Start 11: nvidia-loss
4/5 Test #11: nvidia-loss ......................***Failed    0.72 sec
Traceback (most recent call last):
  File "/tmp/larp-session-acceptance.tUrTt5/tests/h264_loss.py", line 27, in <module>
    assert host.wait(timeout=5) == 0, host.communicate()
           ^^^^^^^^^^^^^^^^^^^^^^^^^
AssertionError: (b'Encoder: h264_nvenc\n', b'\n=================================================================\n==181406==ERROR: LeakSanitizer: detected memory leaks\n\nDirect leak of 56 byte(s) in 1 object(s) allocated from:\n    #0 0x7f0600d2bea9 in calloc (/usr/lib/libasan.so.8+0x12bea9) (BuildId: b8a4241051a1621937fdc46e867ba7ecb56d96ea)\n    #1 0x7b05e4d0caea  (/usr/lib/../lib/libcuda.so.1+0x30caea) (BuildId: bc95112d022d2c8bd1a723ed309d4331b21c76bc)\n    #2 0x7b05e4d35746  (/usr/lib/../lib/libcuda.so.1+0x335746) (BuildId: bc95112d022d2c8bd1a723ed309d4331b21c76bc)\n    #3 0x7b05e4d362bd  (/usr/lib/../lib/libcuda.so.1+0x3362bd) (BuildId: bc95112d022d2c8bd1a723ed309d4331b21c76bc)\n    #4 0x7b05e4d74859  (/usr/lib/../lib/libcuda.so.1+0x374859) (BuildId: bc95112d022d2c8bd1a723ed309d4331b21c76bc)\n    #5 0x7b05e4d739d9 in cuInit (/usr/lib/../lib/libcuda.so.1+0x3739d9) (BuildId: bc95112d022d2c8bd1a723ed309d4331b21c76bc)\n    #6 0x7f05ff0777de  (/usr/lib/libavcodec.so.63+0x777de) (BuildId: 54e1809e40ced7f0c4dcc85f9eb7b685c5fe9c05)\n\nDirect leak of 48 byte(s) in 1 object(s) allocated from:\n    #0 0x7f0600d2bea9 in calloc (/usr/lib/libasan.so.8+0x12bea9) (BuildId: b8a4241051a1621937fdc46e867ba7ecb56d96ea)\n    #1 0x7f05fd895b67 in pthread_cond_broadcast (/usr/lib/libc.so.6+0x95b67) (BuildId: 503200d7fda94a5dc6058d7e0694e5d1dcb2e372)\n    #2 0x7f05ee164386  (<unknown module>)\n\nDirect leak of 48 byte(s) in 1 object(s) allocated from:\n    #0 0x7f0600d2bea9 in calloc (/usr/lib/libasan.so.8+0x12bea9) (BuildId: b8a4241051a1621937fdc46e867ba7ecb56d96ea)\n    #1 0x7f05fd895b67 in pthread_cond_broadcast (/usr/lib/libc.so.6+0x95b67) (BuildId: 503200d7fda94a5dc6058d7e0694e5d1dcb2e372)\n    #2 0x7b05e2e9f0d6  (<unknown module>)\n\nIndirect leak of 96 byte(s) in 1 object(s) allocated from:\n    #0 0x7f0600d2bea9 in calloc (/usr/lib/libasan.so.8+0x12bea9) (BuildId: b8a4241051a1621937fdc46e867ba7ecb56d96ea)\n    #1 0x7b05e4d0cb05  (/usr/lib/../lib/libcuda.so.1+0x30cb05) (BuildId: bc95112d022d2c8bd1a723ed309d4331b21c76bc)\n    #2 0x7b05e4d35746  (/usr/lib/../lib/libcuda.so.1+0x335746) (BuildId: bc95112d022d2c8bd1a723ed309d4331b21c76bc)\n    #3 0x7b05e4d362bd  (/usr/lib/../lib/libcuda.so.1+0x3362bd) (BuildId: bc95112d022d2c8bd1a723ed309d4331b21c76bc)\n    #4 0x7b05e4d74859  (/usr/lib/../lib/libcuda.so.1+0x374859) (BuildId: bc95112d022d2c8bd1a723ed309d4331b21c76bc)\n    #5 0x7b05e4d739d9 in cuInit (/usr/lib/../lib/libcuda.so.1+0x3739d9) (BuildId: bc95112d022d2c8bd1a723ed309d4331b21c76bc)\n    #6 0x7f05ff0777de  (/usr/lib/libavcodec.so.63+0x777de) (BuildId: 54e1809e40ced7f0c4dcc85f9eb7b685c5fe9c05)\n\nIndirect leak of 22 byte(s) in 1 object(s) allocated from:\n    #0 0x7f0600d2c0c1 in malloc (/usr/lib/libasan.so.8+0x12c0c1) (BuildId: b8a4241051a1621937fdc46e867ba7ecb56d96ea)\n    #1 0x7b05e4e8bc60  (/usr/lib/../lib/libcuda.so.1+0x48bc60) (BuildId: bc95112d022d2c8bd1a723ed309d4331b21c76bc)\n    #2 0x7b05e4d0cb41  (/usr/lib/../lib/libcuda.so.1+0x30cb41) (BuildId: bc95112d022d2c8bd1a723ed309d4331b21c76bc)\n    #3 0x7b05e4d35746  (/usr/lib/../lib/libcuda.so.1+0x335746) (BuildId: bc95112d022d2c8bd1a723ed309d4331b21c76bc)\n    #4 0x7b05e4d362bd  (/usr/lib/../lib/libcuda.so.1+0x3362bd) (BuildId: bc95112d022d2c8bd1a723ed309d4331b21c76bc)\n    #5 0x7b05e4d74859  (/usr/lib/../lib/libcuda.so.1+0x374859) (BuildId: bc95112d022d2c8bd1a723ed309d4331b21c76bc)\n    #6 0x7b05e4d739d9 in cuInit (/usr/lib/../lib/libcuda.so.1+0x3739d9) (BuildId: bc95112d022d2c8bd1a723ed309d4331b21c76bc)\n    #7 0x7f05ff0777de  (/usr/lib/libavcodec.so.63+0x777de) (BuildId: 54e1809e40ced7f0c4dcc85f9eb7b685c5fe9c05)\n\nIndirect leak of 9 byte(s) in 1 object(s) allocated from:\n    #0 0x7f0600d2c0c1 in malloc (/usr/lib/libasan.so.8+0x12c0c1) (BuildId: b8a4241051a1621937fdc46e867ba7ecb56d96ea)\n    #1 0x7b05e4e8ba50  (/usr/lib/../lib/libcuda.so.1+0x48ba50) (BuildId: bc95112d022d2c8bd1a723ed309d4331b21c76bc)\n    #2 0x7b05e4e8bd16  (/usr/lib/../lib/libcuda.so.1+0x48bd16) (BuildId: bc95112d022d2c8bd1a723ed309d4331b21c76bc)\n    #3 0x7b05e4d0cb41  (/usr/lib/../lib/libcuda.so.1+0x30cb41) (BuildId: bc95112d022d2c8bd1a723ed309d4331b21c76bc)\n    #4 0x7b05e4d35746  (/usr/lib/../lib/libcuda.so.1+0x335746) (BuildId: bc95112d022d2c8bd1a723ed309d4331b21c76bc)\n    #5 0x7b05e4d362bd  (/usr/lib/../lib/libcuda.so.1+0x3362bd) (BuildId: bc95112d022d2c8bd1a723ed309d4331b21c76bc)\n    #6 0x7b05e4d74859  (/usr/lib/../lib/libcuda.so.1+0x374859) (BuildId: bc95112d022d2c8bd1a723ed309d4331b21c76bc)\n    #7 0x7b05e4d739d9 in cuInit (/usr/lib/../lib/libcuda.so.1+0x3739d9) (BuildId: bc95112d022d2c8bd1a723ed309d4331b21c76bc)\n    #8 0x7f05ff0777de  (/usr/lib/libavcodec.so.63+0x777de) (BuildId: 54e1809e40ced7f0c4dcc85f9eb7b685c5fe9c05)\n\nSUMMARY: AddressSanitizer: 279 byte(s) leaked in 6 allocation(s).\n')

    Start 12: nvidia-client
5/5 Test #12: nvidia-client ....................***Failed    1.69 sec
Traceback (most recent call last):
  File "/tmp/larp-session-acceptance.tUrTt5/tests/h264_client.py", line 20, in <module>
    assert host.returncode == 0, (host.stdout, host.stderr)
           ^^^^^^^^^^^^^^^^^^^^
AssertionError: ('Encoder: h264_nvenc\n', '\n=================================================================\n==181447==ERROR: LeakSanitizer: detected memory leaks\n\nDirect leak of 56 byte(s) in 1 object(s) allocated from:\n    #0 0x7fa37112bea9 in calloc (/usr/lib/libasan.so.8+0x12bea9) (BuildId: b8a4241051a1621937fdc46e867ba7ecb56d96ea)\n    #1 0x7ba35510caea  (/usr/lib/../lib/libcuda.so.1+0x30caea) (BuildId: bc95112d022d2c8bd1a723ed309d4331b21c76bc)\n    #2 0x7ba355135746  (/usr/lib/../lib/libcuda.so.1+0x335746) (BuildId: bc95112d022d2c8bd1a723ed309d4331b21c76bc)\n    #3 0x7ba3551362bd  (/usr/lib/../lib/libcuda.so.1+0x3362bd) (BuildId: bc95112d022d2c8bd1a723ed309d4331b21c76bc)\n    #4 0x7ba355174859  (/usr/lib/../lib/libcuda.so.1+0x374859) (BuildId: bc95112d022d2c8bd1a723ed309d4331b21c76bc)\n    #5 0x7ba3551739d9 in cuInit (/usr/lib/../lib/libcuda.so.1+0x3739d9) (BuildId: bc95112d022d2c8bd1a723ed309d4331b21c76bc)\n    #6 0x7fa36f4777de  (/usr/lib/libavcodec.so.63+0x777de) (BuildId: 54e1809e40ced7f0c4dcc85f9eb7b685c5fe9c05)\n\nDirect leak of 48 byte(s) in 1 object(s) allocated from:\n    #0 0x7fa37112bea9 in calloc (/usr/lib/libasan.so.8+0x12bea9) (BuildId: b8a4241051a1621937fdc46e867ba7ecb56d96ea)\n    #1 0x7fa36dc95b67 in pthread_cond_broadcast (/usr/lib/libc.so.6+0x95b67) (BuildId: 503200d7fda94a5dc6058d7e0694e5d1dcb2e372)\n    #2 0x7fa360a51386  (<unknown module>)\n\nDirect leak of 48 byte(s) in 1 object(s) allocated from:\n    #0 0x7fa37112bea9 in calloc (/usr/lib/libasan.so.8+0x12bea9) (BuildId: b8a4241051a1621937fdc46e867ba7ecb56d96ea)\n    #1 0x7fa36dc95b67 in pthread_cond_broadcast (/usr/lib/libc.so.6+0x95b67) (BuildId: 503200d7fda94a5dc6058d7e0694e5d1dcb2e372)\n    #2 0x7ba35329f0d6  (<unknown module>)\n\nIndirect leak of 96 byte(s) in 1 object(s) allocated from:\n    #0 0x7fa37112bea9 in calloc (/usr/lib/libasan.so.8+0x12bea9) (BuildId: b8a4241051a1621937fdc46e867ba7ecb56d96ea)\n    #1 0x7ba35510cb05  (/usr/lib/../lib/libcuda.so.1+0x30cb05) (BuildId: bc95112d022d2c8bd1a723ed309d4331b21c76bc)\n    #2 0x7ba355135746  (/usr/lib/../lib/libcuda.so.1+0x335746) (BuildId: bc95112d022d2c8bd1a723ed309d4331b21c76bc)\n    #3 0x7ba3551362bd  (/usr/lib/../lib/libcuda.so.1+0x3362bd) (BuildId: bc95112d022d2c8bd1a723ed309d4331b21c76bc)\n    #4 0x7ba355174859  (/usr/lib/../lib/libcuda.so.1+0x374859) (BuildId: bc95112d022d2c8bd1a723ed309d4331b21c76bc)\n    #5 0x7ba3551739d9 in cuInit (/usr/lib/../lib/libcuda.so.1+0x3739d9) (BuildId: bc95112d022d2c8bd1a723ed309d4331b21c76bc)\n    #6 0x7fa36f4777de  (/usr/lib/libavcodec.so.63+0x777de) (BuildId: 54e1809e40ced7f0c4dcc85f9eb7b685c5fe9c05)\n\nIndirect leak of 22 byte(s) in 1 object(s) allocated from:\n    #0 0x7fa37112c0c1 in malloc (/usr/lib/libasan.so.8+0x12c0c1) (BuildId: b8a4241051a1621937fdc46e867ba7ecb56d96ea)\n    #1 0x7ba35528bc60  (/usr/lib/../lib/libcuda.so.1+0x48bc60) (BuildId: bc95112d022d2c8bd1a723ed309d4331b21c76bc)\n    #2 0x7ba35510cb41  (/usr/lib/../lib/libcuda.so.1+0x30cb41) (BuildId: bc95112d022d2c8bd1a723ed309d4331b21c76bc)\n    #3 0x7ba355135746  (/usr/lib/../lib/libcuda.so.1+0x335746) (BuildId: bc95112d022d2c8bd1a723ed309d4331b21c76bc)\n    #4 0x7ba3551362bd  (/usr/lib/../lib/libcuda.so.1+0x3362bd) (BuildId: bc95112d022d2c8bd1a723ed309d4331b21c76bc)\n    #5 0x7ba355174859  (/usr/lib/../lib/libcuda.so.1+0x374859) (BuildId: bc95112d022d2c8bd1a723ed309d4331b21c76bc)\n    #6 0x7ba3551739d9 in cuInit (/usr/lib/../lib/libcuda.so.1+0x3739d9) (BuildId: bc95112d022d2c8bd1a723ed309d4331b21c76bc)\n    #7 0x7fa36f4777de  (/usr/lib/libavcodec.so.63+0x777de) (BuildId: 54e1809e40ced7f0c4dcc85f9eb7b685c5fe9c05)\n\nIndirect leak of 9 byte(s) in 1 object(s) allocated from:\n    #0 0x7fa37112c0c1 in malloc (/usr/lib/libasan.so.8+0x12c0c1) (BuildId: b8a4241051a1621937fdc46e867ba7ecb56d96ea)\n    #1 0x7ba35528ba50  (/usr/lib/../lib/libcuda.so.1+0x48ba50) (BuildId: bc95112d022d2c8bd1a723ed309d4331b21c76bc)\n    #2 0x7ba35528bd16  (/usr/lib/../lib/libcuda.so.1+0x48bd16) (BuildId: bc95112d022d2c8bd1a723ed309d4331b21c76bc)\n    #3 0x7ba35510cb41  (/usr/lib/../lib/libcuda.so.1+0x30cb41) (BuildId: bc95112d022d2c8bd1a723ed309d4331b21c76bc)\n    #4 0x7ba355135746  (/usr/lib/../lib/libcuda.so.1+0x335746) (BuildId: bc95112d022d2c8bd1a723ed309d4331b21c76bc)\n    #5 0x7ba3551362bd  (/usr/lib/../lib/libcuda.so.1+0x3362bd) (BuildId: bc95112d022d2c8bd1a723ed309d4331b21c76bc)\n    #6 0x7ba355174859  (/usr/lib/../lib/libcuda.so.1+0x374859) (BuildId: bc95112d022d2c8bd1a723ed309d4331b21c76bc)\n    #7 0x7ba3551739d9 in cuInit (/usr/lib/../lib/libcuda.so.1+0x3739d9) (BuildId: bc95112d022d2c8bd1a723ed309d4331b21c76bc)\n    #8 0x7fa36f4777de  (/usr/lib/libavcodec.so.63+0x777de) (BuildId: 54e1809e40ced7f0c4dcc85f9eb7b685c5fe9c05)\n\nSUMMARY: AddressSanitizer: 279 byte(s) leaked in 6 allocation(s).\n')


0% tests passed, 5 tests failed out of 5

Label Time Summary:
nvidia    =  12.41 sec*proc (5 tests)

Total Test time (real) =  12.42 sec

The following tests FAILED:
	  2 - nvenc (Failed)                                    nvidia
	  3 - nvdec (Failed)                                    nvidia
	  4 - nvidia-roundtrip (Failed)                         nvidia
	 11 - nvidia-loss (Failed)                              nvidia
	 12 - nvidia-client (Failed)                            nvidia
Errors while running CTest
