Local PipeWire capture -> remote SDL3 live receiver over Tailscale; 8 seconds, 15 FPS, adaptive 2000 kbps.
Select a screen in the desktop portal.
[libx264 @ 0x55ba87ab8a40] using cpu capabilities: MMX2 SSE2Fast SSSE3 SSE4.2 AVX FMA3 BMI2 AVX2
[libx264 @ 0x55ba87ab8a40] profile Constrained Baseline, level 2.0, 4:2:0, 8-bit
Encoder: libx264
Preview: 320x180
Feedback: 1 RTT us: 10405 Packet loss: 0.00% Frame loss: 0.00% Receive Mbps: 0.00 Target kbps: 2000 Feedback age ms: 0 Rejected feedback: 0
Feedback: 2 RTT us: 55309 Packet loss: 0.00% Frame loss: 0.00% Receive Mbps: 1.74 Target kbps: 2000 Feedback age ms: 0 Rejected feedback: 0
Feedback: 3 RTT us: 37835 Packet loss: 0.00% Frame loss: 0.00% Receive Mbps: 1.97 Target kbps: 2000 Feedback age ms: 0 Rejected feedback: 0
Feedback: 4 RTT us: 67699 Packet loss: 0.00% Frame loss: 0.00% Receive Mbps: 1.78 Target kbps: 1500 Feedback age ms: 0 Rejected feedback: 0
[libx264 @ 0x55ba87ab8a40] max bitrate less than average bitrate, assuming CBR
Feedback: 5 RTT us: 36691 Packet loss: 0.00% Frame loss: 0.00% Receive Mbps: 1.60 Target kbps: 1500 Feedback age ms: 0 Rejected feedback: 0
Feedback: 6 RTT us: 67187 Packet loss: 0.00% Frame loss: 0.00% Receive Mbps: 1.31 Target kbps: 1125 Feedback age ms: 0 Rejected feedback: 0
[libx264 @ 0x55ba87ab8a40] max bitrate less than average bitrate, assuming CBR
Feedback: 7 RTT us: 26107 Packet loss: 0.00% Frame loss: 0.00% Receive Mbps: 1.24 Target kbps: 1125 Feedback age ms: 0 Rejected feedback: 0
Feedback: 8 RTT us: 66212 Packet loss: 0.00% Frame loss: 0.00% Receive Mbps: 0.90 Target kbps: 843 Feedback age ms: 0 Rejected feedback: 0
[libx264 @ 0x55ba87ab8a40] max bitrate less than average bitrate, assuming CBR
Feedback: 9 RTT us: 31218 Packet loss: 0.00% Frame loss: 0.00% Receive Mbps: 0.91 Target kbps: 843 Feedback age ms: 0 Rejected feedback: 0
Feedback: 10 RTT us: 26073 Packet loss: 0.00% Frame loss: 0.00% Receive Mbps: 0.72 Target kbps: 843 Feedback age ms: 0 Rejected feedback: 0
Feedback: 11 RTT us: 36428 Packet loss: 0.00% Frame loss: 0.00% Receive Mbps: 0.66 Target kbps: 843 Feedback age ms: 0 Rejected feedback: 0
Feedback: 12 RTT us: 66885 Packet loss: 0.00% Frame loss: 0.00% Receive Mbps: 0.66 Target kbps: 632 Feedback age ms: 0 Rejected feedback: 0
[libx264 @ 0x55ba87ab8a40] max bitrate less than average bitrate, assuming CBR
Feedback: 13 RTT us: 44885 Packet loss: 0.00% Frame loss: 0.00% Receive Mbps: 0.58 Target kbps: 632 Feedback age ms: 0 Rejected feedback: 0
Feedback: 14 RTT us: 66521 Packet loss: 0.00% Frame loss: 0.00% Receive Mbps: 0.51 Target kbps: 474 Feedback age ms: 0 Rejected feedback: 0
[libx264 @ 0x55ba87ab8a40] max bitrate less than average bitrate, assuming CBR
Feedback: 15 RTT us: 67258 Packet loss: 0.00% Frame loss: 0.00% Receive Mbps: 0.41 Target kbps: 474 Feedback age ms: 0 Rejected feedback: 0
Feedback: 16 RTT us: 67245 Packet loss: 0.00% Frame loss: 0.00% Receive Mbps: 0.39 Target kbps: 355 Feedback age ms: 0 Rejected feedback: 0
[libx264 @ 0x55ba87ab8a40] max bitrate less than average bitrate, assuming CBR
Feedback: 17 RTT us: 50901 Packet loss: 0.00% Frame loss: 0.00% Receive Mbps: 0.31 Target kbps: 355 Feedback age ms: 0 Rejected feedback: 0
Feedback: 18 RTT us: 15894 Packet loss: 0.00% Frame loss: 0.00% Receive Mbps: 0.27 Target kbps: 355 Feedback age ms: 0 Rejected feedback: 0
Feedback: 19 RTT us: 14345 Packet loss: 0.00% Frame loss: 0.00% Receive Mbps: 0.29 Target kbps: 355 Feedback age ms: 0 Rejected feedback: 0
Feedback: 20 RTT us: 28980 Packet loss: 0.00% Frame loss: 0.00% Receive Mbps: 0.29 Target kbps: 355 Feedback age ms: 0 Rejected feedback: 0
Feedback: 21 RTT us: 41843 Packet loss: 0.00% Frame loss: 0.00% Receive Mbps: 0.29 Target kbps: 419 Feedback age ms: 0 Rejected feedback: 0
Feedback: 22 RTT us: 26391 Packet loss: 0.00% Frame loss: 0.00% Receive Mbps: 0.35 Target kbps: 419 Feedback age ms: 0 Rejected feedback: 0
Feedback: 23 RTT us: 46267 Packet loss: 0.00% Frame loss: 0.00% Receive Mbps: 0.31 Target kbps: 419 Feedback age ms: 0 Rejected feedback: 0
Feedback: 24 RTT us: 41560 Packet loss: 0.00% Frame loss: 0.00% Receive Mbps: 0.34 Target kbps: 419 Feedback age ms: 0 Rejected feedback: 0
Feedback: 25 RTT us: 67470 Packet loss: 0.00% Frame loss: 0.00% Receive Mbps: 0.33 Target kbps: 314 Feedback age ms: 0 Rejected feedback: 0
[libx264 @ 0x55ba87ab8a40] max bitrate less than average bitrate, assuming CBR
Feedback: 26 RTT us: 50969 Packet loss: 0.00% Frame loss: 0.00% Receive Mbps: 0.27 Target kbps: 314 Feedback age ms: 0 Rejected feedback: 0
Feedback: 27 RTT us: 18954 Packet loss: 0.00% Frame loss: 0.00% Receive Mbps: 0.24 Target kbps: 314 Feedback age ms: 0 Rejected feedback: 0
Feedback: 28 RTT us: 10688 Packet loss: 0.00% Frame loss: 0.00% Receive Mbps: 0.26 Target kbps: 314 Feedback age ms: 0 Rejected feedback: 0
Feedback: 29 RTT us: 20662 Packet loss: 0.00% Frame loss: 0.00% Receive Mbps: 0.25 Target kbps: 314 Feedback age ms: 0 Rejected feedback: 0
Feedback: 30 RTT us: 36733 Packet loss: 0.00% Frame loss: 0.00% Receive Mbps: 0.25 Target kbps: 378 Feedback age ms: 0 Rejected feedback: 0
[libx264 @ 0x55ba87ab8a40] frame I:120   Avg QP:33.49  size:  5713
[libx264 @ 0x55ba87ab8a40] mb I  I16..4: 100.0%  0.0%  0.0%
[libx264 @ 0x55ba87ab8a40] coded y,uvDC,uvAC intra: 57.7% 17.3% 12.7%
[libx264 @ 0x55ba87ab8a40] i16 v,h,dc,p: 54% 33%  9%  4%
[libx264 @ 0x55ba87ab8a40] i8c dc,h,v,p: 67% 23% 10%  0%
[libx264 @ 0x55ba87ab8a40] kb/s:685.50
Captured: 120 Packets: 631 Superseded: 0 Malformed: 0 Timeouts: 0 Bytes: 687901 Encode mean us: 1686
Listening: 50127
Decoder: h264
Display: SDL3 CPU surface
FPS: 0.00 Packets: 0 Observed packet loss: N/A Frame loss: N/A Dropped: 0 frames Missing: 0 Expired: 0 Superseded: 0 Shutdown: 0 Skipped: 0 RTT: N/A Throughput: 0.00 Mbps Validated: 0 Corrupt: 0 Invalid: 0 Duplicates: 0 Stale: 0 Foreign: 0 Decode mean us: 0 Presented: 0 Present mean us: 0 Present max us: 0 
FPS: 0.00 Packets: 0 Observed packet loss: N/A Frame loss: N/A Dropped: 0 frames Missing: 0 Expired: 0 Superseded: 0 Shutdown: 0 Skipped: 0 RTT: N/A Throughput: 0.00 Mbps Validated: 0 Corrupt: 0 Invalid: 0 Duplicates: 0 Stale: 0 Foreign: 0 Decode mean us: 0 Presented: 0 Present mean us: 0 Present max us: 0 
FPS: 0.00 Packets: 0 Observed packet loss: N/A Frame loss: N/A Dropped: 0 frames Missing: 0 Expired: 0 Superseded: 0 Shutdown: 0 Skipped: 0 RTT: N/A Throughput: 0.00 Mbps Validated: 0 Corrupt: 0 Invalid: 0 Duplicates: 0 Stale: 0 Foreign: 0 Decode mean us: 0 Presented: 0 Present mean us: 0 Present max us: 0 
FPS: 0.00 Packets: 0 Observed packet loss: N/A Frame loss: N/A Dropped: 0 frames Missing: 0 Expired: 0 Superseded: 0 Shutdown: 0 Skipped: 0 RTT: N/A Throughput: 0.00 Mbps Validated: 0 Corrupt: 0 Invalid: 0 Duplicates: 0 Stale: 0 Foreign: 0 Decode mean us: 0 Presented: 0 Present mean us: 0 Present max us: 0 
FPS: 0.00 Packets: 0 Observed packet loss: N/A Frame loss: N/A Dropped: 0 frames Missing: 0 Expired: 0 Superseded: 0 Shutdown: 0 Skipped: 0 RTT: N/A Throughput: 0.00 Mbps Validated: 0 Corrupt: 0 Invalid: 0 Duplicates: 0 Stale: 0 Foreign: 0 Decode mean us: 0 Presented: 0 Present mean us: 0 Present max us: 0 
FPS: 0.00 Packets: 0 Observed packet loss: N/A Frame loss: N/A Dropped: 0 frames Missing: 0 Expired: 0 Superseded: 0 Shutdown: 0 Skipped: 0 RTT: N/A Throughput: 0.00 Mbps Validated: 0 Corrupt: 0 Invalid: 0 Duplicates: 0 Stale: 0 Foreign: 0 Decode mean us: 0 Presented: 0 Present mean us: 0 Present max us: 0 
FPS: 0.00 Packets: 0 Observed packet loss: N/A Frame loss: N/A Dropped: 0 frames Missing: 0 Expired: 0 Superseded: 0 Shutdown: 0 Skipped: 0 RTT: N/A Throughput: 0.00 Mbps Validated: 0 Corrupt: 0 Invalid: 0 Duplicates: 0 Stale: 0 Foreign: 0 Decode mean us: 0 Presented: 0 Present mean us: 0 Present max us: 0 
FPS: 0.00 Packets: 0 Observed packet loss: N/A Frame loss: N/A Dropped: 0 frames Missing: 0 Expired: 0 Superseded: 0 Shutdown: 0 Skipped: 0 RTT: N/A Throughput: 0.00 Mbps Validated: 0 Corrupt: 0 Invalid: 0 Duplicates: 0 Stale: 0 Foreign: 0 Decode mean us: 0 Presented: 0 Present mean us: 0 Present max us: 0 
FPS: 0.00 Packets: 0 Observed packet loss: N/A Frame loss: N/A Dropped: 0 frames Missing: 0 Expired: 0 Superseded: 0 Shutdown: 0 Skipped: 0 RTT: N/A Throughput: 0.00 Mbps Validated: 0 Corrupt: 0 Invalid: 0 Duplicates: 0 Stale: 0 Foreign: 0 Decode mean us: 0 Presented: 0 Present mean us: 0 Present max us: 0 
FPS: 0.00 Packets: 0 Observed packet loss: N/A Frame loss: N/A Dropped: 0 frames Missing: 0 Expired: 0 Superseded: 0 Shutdown: 0 Skipped: 0 RTT: N/A Throughput: 0.00 Mbps Validated: 0 Corrupt: 0 Invalid: 0 Duplicates: 0 Stale: 0 Foreign: 0 Decode mean us: 0 Presented: 0 Present mean us: 0 Present max us: 0 
FPS: 0.00 Packets: 0 Observed packet loss: N/A Frame loss: N/A Dropped: 0 frames Missing: 0 Expired: 0 Superseded: 0 Shutdown: 0 Skipped: 0 RTT: N/A Throughput: 0.00 Mbps Validated: 0 Corrupt: 0 Invalid: 0 Duplicates: 0 Stale: 0 Foreign: 0 Decode mean us: 0 Presented: 0 Present mean us: 0 Present max us: 0 
FPS: 14.73 Packets: 198 Observed packet loss: 0.00% Frame loss: 0.00% Dropped: 0 frames Missing: 0 Expired: 0 Superseded: 0 Shutdown: 0 Skipped: 0 RTT: N/A Throughput: 1.83 Mbps Validated: 15 Corrupt: 0 Invalid: 0 Duplicates: 0 Stale: 0 Foreign: 0 Decode mean us: 1028 Presented: 15 Present mean us: 25643 Present max us: 35438 
FPS: 14.88 Packets: 343 Observed packet loss: 0.00% Frame loss: 0.00% Dropped: 0 frames Missing: 0 Expired: 0 Superseded: 0 Shutdown: 0 Skipped: 0 RTT: N/A Throughput: 1.31 Mbps Validated: 30 Corrupt: 0 Invalid: 0 Duplicates: 0 Stale: 0 Foreign: 0 Decode mean us: 894 Presented: 30 Present mean us: 25476 Present max us: 35438 
FPS: 14.86 Packets: 428 Observed packet loss: 0.00% Frame loss: 0.00% Dropped: 0 frames Missing: 0 Expired: 0 Superseded: 0 Shutdown: 0 Skipped: 0 RTT: N/A Throughput: 0.76 Mbps Validated: 45 Corrupt: 0 Invalid: 0 Duplicates: 0 Stale: 0 Foreign: 0 Decode mean us: 804 Presented: 45 Present mean us: 25698 Present max us: 35438 
FPS: 14.96 Packets: 490 Observed packet loss: 0.00% Frame loss: 0.00% Dropped: 0 frames Missing: 0 Expired: 0 Superseded: 0 Shutdown: 0 Skipped: 0 RTT: N/A Throughput: 0.55 Mbps Validated: 60 Corrupt: 0 Invalid: 0 Duplicates: 0 Stale: 0 Foreign: 0 Decode mean us: 735 Presented: 60 Present mean us: 26073 Present max us: 35438 
FPS: 14.99 Packets: 524 Observed packet loss: 0.00% Frame loss: 0.00% Dropped: 0 frames Missing: 0 Expired: 0 Superseded: 0 Shutdown: 0 Skipped: 0 RTT: N/A Throughput: 0.31 Mbps Validated: 75 Corrupt: 0 Invalid: 0 Duplicates: 0 Stale: 0 Foreign: 0 Decode mean us: 676 Presented: 75 Present mean us: 26665 Present max us: 35438 
FPS: 14.97 Packets: 561 Observed packet loss: 0.00% Frame loss: 0.00% Dropped: 0 frames Missing: 0 Expired: 0 Superseded: 0 Shutdown: 0 Skipped: 0 RTT: N/A Throughput: 0.31 Mbps Validated: 90 Corrupt: 0 Invalid: 0 Duplicates: 0 Stale: 0 Foreign: 0 Decode mean us: 626 Presented: 90 Present mean us: 26452 Present max us: 35438 
FPS: 14.96 Packets: 601 Observed packet loss: 0.00% Frame loss: 0.00% Dropped: 0 frames Missing: 0 Expired: 0 Superseded: 0 Shutdown: 0 Skipped: 0 RTT: N/A Throughput: 0.30 Mbps Validated: 105 Corrupt: 0 Invalid: 0 Duplicates: 0 Stale: 0 Foreign: 0 Decode mean us: 593 Presented: 105 Present mean us: 26567 Present max us: 35438 
FPS: 14.97 Packets: 631 Observed packet loss: 0.00% Frame loss: 0.00% Dropped: 0 frames Missing: 0 Expired: 0 Superseded: 0 Shutdown: 0 Skipped: 0 RTT: N/A Throughput: 0.24 Mbps Validated: 120 Corrupt: 0 Invalid: 0 Duplicates: 0 Stale: 0 Foreign: 0 Decode mean us: 566 Presented: 120 Present mean us: 26852 Present max us: 35438 
FPS: 0.00 Packets: 631 Observed packet loss: 0.00% Frame loss: 0.00% Dropped: 0 frames Missing: 0 Expired: 0 Superseded: 0 Shutdown: 0 Skipped: 0 RTT: N/A Throughput: 0.00 Mbps Validated: 120 Corrupt: 0 Invalid: 0 Duplicates: 0 Stale: 0 Foreign: 0 Decode mean us: 566 Presented: 120 Present mean us: 26852 Present max us: 35438 
FPS: 0.00 Packets: 631 Observed packet loss: 0.00% Frame loss: 0.00% Dropped: 0 frames Missing: 0 Expired: 0 Superseded: 0 Shutdown: 0 Skipped: 0 RTT: N/A Throughput: 0.00 Mbps Validated: 120 Corrupt: 0 Invalid: 0 Duplicates: 0 Stale: 0 Foreign: 0 Decode mean us: 566 Presented: 120 Present mean us: 26852 Present max us: 35438 
FPS: 0.00 Packets: 631 Observed packet loss: 0.00% Frame loss: 0.00% Dropped: 0 frames Missing: 0 Expired: 0 Superseded: 0 Shutdown: 0 Skipped: 0 RTT: N/A Throughput: 0.00 Mbps Validated: 120 Corrupt: 0 Invalid: 0 Duplicates: 0 Stale: 0 Foreign: 0 Decode mean us: 566 Presented: 120 Present mean us: 26852 Present max us: 35438 
FPS: 0.00 Packets: 631 Observed packet loss: 0.00% Frame loss: 0.00% Dropped: 0 frames Missing: 0 Expired: 0 Superseded: 0 Shutdown: 0 Skipped: 0 RTT: N/A Throughput: 0.00 Mbps Validated: 120 Corrupt: 0 Invalid: 0 Duplicates: 0 Stale: 0 Foreign: 0 Decode mean us: 566 Presented: 120 Present mean us: 26852 Present max us: 35438 
FPS: 0.00 Packets: 631 Observed packet loss: 0.00% Frame loss: 0.00% Dropped: 0 frames Missing: 0 Expired: 0 Superseded: 0 Shutdown: 0 Skipped: 0 RTT: N/A Throughput: 0.00 Mbps Validated: 120 Corrupt: 0 Invalid: 0 Duplicates: 0 Stale: 0 Foreign: 0 Decode mean us: 566 Presented: 120 Present mean us: 26852 Present max us: 35438 
FPS: 0.00 Packets: 631 Observed packet loss: 0.00% Frame loss: 0.00% Dropped: 0 frames Missing: 0 Expired: 0 Superseded: 0 Shutdown: 0 Skipped: 0 RTT: N/A Throughput: 0.00 Mbps Validated: 120 Corrupt: 0 Invalid: 0 Duplicates: 0 Stale: 0 Foreign: 0 Decode mean us: 566 Presented: 120 Present mean us: 26852 Present max us: 35438 
FPS: 0.00 Packets: 631 Observed packet loss: 0.00% Frame loss: 0.00% Dropped: 0 frames Missing: 0 Expired: 0 Superseded: 0 Shutdown: 0 Skipped: 0 RTT: N/A Throughput: 0.00 Mbps Validated: 120 Corrupt: 0 Invalid: 0 Duplicates: 0 Stale: 0 Foreign: 0 Decode mean us: 566 Presented: 120 Present mean us: 26852 Present max us: 35438 
FPS: 0.00 Packets: 631 Observed packet loss: 0.00% Frame loss: 0.00% Dropped: 0 frames Missing: 0 Expired: 0 Superseded: 0 Shutdown: 0 Skipped: 0 RTT: N/A Throughput: 0.00 Mbps Validated: 120 Corrupt: 0 Invalid: 0 Duplicates: 0 Stale: 0 Foreign: 0 Decode mean us: 566 Presented: 120 Present mean us: 26852 Present max us: 35438 
FPS: 0.00 Packets: 631 Observed packet loss: 0.00% Frame loss: 0.00% Dropped: 0 frames Missing: 0 Expired: 0 Superseded: 0 Shutdown: 0 Skipped: 0 RTT: N/A Throughput: 0.00 Mbps Validated: 120 Corrupt: 0 Invalid: 0 Duplicates: 0 Stale: 0 Foreign: 0 Decode mean us: 566 Presented: 120 Present mean us: 26852 Present max us: 35438 
FPS: 0.00 Packets: 631 Observed packet loss: 0.00% Frame loss: 0.00% Dropped: 0 frames Missing: 0 Expired: 0 Superseded: 0 Shutdown: 0 Skipped: 0 RTT: N/A Throughput: 0.00 Mbps Validated: 120 Corrupt: 0 Invalid: 0 Duplicates: 0 Stale: 0 Foreign: 0 Decode mean us: 566 Presented: 120 Present mean us: 26852 Present max us: 35438 
FPS: 0.00 Packets: 631 Observed packet loss: 0.00% Frame loss: 0.00% Dropped: 0 frames Missing: 0 Expired: 0 Superseded: 0 Shutdown: 0 Skipped: 0 RTT: N/A Throughput: 0.00 Mbps Validated: 120 Corrupt: 0 Invalid: 0 Duplicates: 0 Stale: 0 Foreign: 0 Decode mean us: 566 Presented: 120 Present mean us: 26852 Present max us: 35438 
FPS: 0.00 Packets: 631 Observed packet loss: 0.00% Frame loss: 0.00% Dropped: 0 frames Missing: 0 Expired: 0 Superseded: 0 Shutdown: 0 Skipped: 0 RTT: N/A Throughput: 0.00 Mbps Validated: 120 Corrupt: 0 Invalid: 0 Duplicates: 0 Stale: 0 Foreign: 0 Decode mean us: 566 Presented: 120 Present mean us: 26852 Present max us: 35438 
FPS: 0.00 Packets: 631 Observed packet loss: 0.00% Frame loss: 0.00% Dropped: 0 frames Missing: 0 Expired: 0 Superseded: 0 Shutdown: 0 Skipped: 0 RTT: N/A Throughput: 0.00 Mbps Validated: 120 Corrupt: 0 Invalid: 0 Duplicates: 0 Stale: 0 Foreign: 0 Decode mean us: 566 Presented: 120 Present mean us: 26852 Present max us: 35438 
FPS: 0.00 Packets: 631 Observed packet loss: 0.00% Frame loss: 0.00% Dropped: 0 frames Missing: 0 Expired: 0 Superseded: 0 Shutdown: 0 Skipped: 0 RTT: N/A Throughput: 0.00 Mbps Validated: 120 Corrupt: 0 Invalid: 0 Duplicates: 0 Stale: 0 Foreign: 0 Decode mean us: 566 Presented: 120 Present mean us: 26852 Present max us: 35438 
FPS: 0.00 Packets: 631 Observed packet loss: 0.00% Frame loss: 0.00% Dropped: 0 frames Missing: 0 Expired: 0 Superseded: 0 Shutdown: 0 Skipped: 0 RTT: N/A Throughput: 0.00 Mbps Validated: 120 Corrupt: 0 Invalid: 0 Duplicates: 0 Stale: 0 Foreign: 0 Decode mean us: 566 Presented: 120 Present mean us: 26852 Present max us: 35438 
FPS: 0.00 Packets: 631 Observed packet loss: 0.00% Frame loss: 0.00% Dropped: 0 frames Missing: 0 Expired: 0 Superseded: 0 Shutdown: 0 Skipped: 0 RTT: N/A Throughput: 0.00 Mbps Validated: 120 Corrupt: 0 Invalid: 0 Duplicates: 0 Stale: 0 Foreign: 0 Decode mean us: 566 Presented: 120 Present mean us: 26852 Present max us: 35438 
FPS: 0.00 Packets: 631 Observed packet loss: 0.00% Frame loss: 0.00% Dropped: 0 frames Missing: 0 Expired: 0 Superseded: 0 Shutdown: 0 Skipped: 0 RTT: N/A Throughput: 0.00 Mbps Validated: 120 Corrupt: 0 Invalid: 0 Duplicates: 0 Stale: 0 Foreign: 0 Decode mean us: 566 Presented: 120 Present mean us: 26852 Present max us: 35438 
FPS: 0.00 Packets: 631 Observed packet loss: 0.00% Frame loss: 0.00% Dropped: 0 frames Missing: 0 Expired: 0 Superseded: 0 Shutdown: 0 Skipped: 0 RTT: N/A Throughput: 0.00 Mbps Validated: 120 Corrupt: 0 Invalid: 0 Duplicates: 0 Stale: 0 Foreign: 0 Decode mean us: 566 Presented: 120 Present mean us: 26852 Present max us: 35438 
FPS: 0.00 Packets: 631 Observed packet loss: 0.00% Frame loss: 0.00% Dropped: 0 frames Missing: 0 Expired: 0 Superseded: 0 Shutdown: 0 Skipped: 0 RTT: N/A Throughput: 0.00 Mbps Validated: 120 Corrupt: 0 Invalid: 0 Duplicates: 0 Stale: 0 Foreign: 0 Decode mean us: 566 Presented: 120 Present mean us: 26852 Present max us: 35438 
FPS: 0.00 Packets: 631 Observed packet loss: 0.00% Frame loss: 0.00% Dropped: 0 frames Missing: 0 Expired: 0 Superseded: 0 Shutdown: 0 Skipped: 0 RTT: N/A Throughput: 0.00 Mbps Validated: 120 Corrupt: 0 Invalid: 0 Duplicates: 0 Stale: 0 Foreign: 0 Decode mean us: 566 Presented: 120 Present mean us: 26852 Present max us: 35438 
FPS: 0.00 Packets: 631 Observed packet loss: 0.00% Frame loss: 0.00% Dropped: 0 frames Missing: 0 Expired: 0 Superseded: 0 Shutdown: 0 Skipped: 0 RTT: N/A Throughput: 0.00 Mbps Validated: 120 Corrupt: 0 Invalid: 0 Duplicates: 0 Stale: 0 Foreign: 0 Decode mean us: 566 Presented: 120 Present mean us: 26852 Present max us: 35438 
FPS: 0.00 Packets: 631 Observed packet loss: 0.00% Frame loss: 0.00% Dropped: 0 frames Missing: 0 Expired: 0 Superseded: 0 Shutdown: 0 Skipped: 0 RTT: N/A Throughput: 0.00 Mbps Validated: 120 Corrupt: 0 Invalid: 0 Duplicates: 0 Stale: 0 Foreign: 0 Decode mean us: 566 Presented: 120 Present mean us: 26852 Present max us: 35438 
FPS: 0.00 Packets: 631 Observed packet loss: 0.00% Frame loss: 0.00% Dropped: 0 frames Missing: 0 Expired: 0 Superseded: 0 Shutdown: 0 Skipped: 0 RTT: N/A Throughput: 0.00 Mbps Validated: 120 Corrupt: 0 Invalid: 0 Duplicates: 0 Stale: 0 Foreign: 0 Decode mean us: 566 Presented: 120 Present mean us: 26852 Present max us: 35438 
FPS: 0.00 Packets: 631 Observed packet loss: 0.00% Frame loss: 0.00% Dropped: 0 frames Missing: 0 Expired: 0 Superseded: 0 Shutdown: 0 Skipped: 0 RTT: N/A Throughput: 0.00 Mbps Validated: 120 Corrupt: 0 Invalid: 0 Duplicates: 0 Stale: 0 Foreign: 0 Decode mean us: 566 Presented: 120 Present mean us: 26852 Present max us: 35438 
FPS: 0.00 Packets: 631 Observed packet loss: 0.00% Frame loss: 0.00% Dropped: 0 frames Missing: 0 Expired: 0 Superseded: 0 Shutdown: 0 Skipped: 0 RTT: N/A Throughput: 0.00 Mbps Validated: 120 Corrupt: 0 Invalid: 0 Duplicates: 0 Stale: 0 Foreign: 0 Decode mean us: 566 Presented: 120 Present mean us: 26852 Present max us: 35438 
FPS: 0.00 Packets: 631 Observed packet loss: 0.00% Frame loss: 0.00% Dropped: 0 frames Missing: 0 Expired: 0 Superseded: 0 Shutdown: 0 Skipped: 0 RTT: N/A Throughput: 0.00 Mbps Validated: 120 Corrupt: 0 Invalid: 0 Duplicates: 0 Stale: 0 Foreign: 0 Decode mean us: 566 Presented: 120 Present mean us: 26852 Present max us: 35438 
FPS: 0.00 Packets: 631 Observed packet loss: 0.00% Frame loss: 0.00% Dropped: 0 frames Missing: 0 Expired: 0 Superseded: 0 Shutdown: 0 Skipped: 0 RTT: N/A Throughput: 0.00 Mbps Validated: 120 Corrupt: 0 Invalid: 0 Duplicates: 0 Stale: 0 Foreign: 0 Decode mean us: 566 Presented: 120 Present mean us: 26852 Present max us: 35438 
FPS: 0.00 Packets: 631 Observed packet loss: 0.00% Frame loss: 0.00% Dropped: 0 frames Missing: 0 Expired: 0 Superseded: 0 Shutdown: 0 Skipped: 0 RTT: N/A Throughput: 0.00 Mbps Validated: 120 Corrupt: 0 Invalid: 0 Duplicates: 0 Stale: 0 Foreign: 0 Decode mean us: 566 Presented: 120 Present mean us: 26852 Present max us: 35438 
FPS: 0.00 Packets: 631 Observed packet loss: 0.00% Frame loss: 0.00% Dropped: 0 frames Missing: 0 Expired: 0 Superseded: 0 Shutdown: 0 Skipped: 0 RTT: N/A Throughput: 0.00 Mbps Validated: 120 Corrupt: 0 Invalid: 0 Duplicates: 0 Stale: 0 Foreign: 0 Decode mean us: 566 Presented: 120 Present mean us: 26852 Present max us: 35438 
FPS: 0.00 Packets: 631 Observed packet loss: 0.00% Frame loss: 0.00% Dropped: 0 frames Missing: 0 Expired: 0 Superseded: 0 Shutdown: 0 Skipped: 0 RTT: N/A Throughput: 0.00 Mbps Validated: 120 Corrupt: 0 Invalid: 0 Duplicates: 0 Stale: 0 Foreign: 0 Decode mean us: 566 Presented: 120 Present mean us: 26852 Present max us: 35438 
FPS: 0.00 Packets: 631 Observed packet loss: 0.00% Frame loss: 0.00% Dropped: 0 frames Missing: 0 Expired: 0 Superseded: 0 Shutdown: 0 Skipped: 0 RTT: N/A Throughput: 0.00 Mbps Validated: 120 Corrupt: 0 Invalid: 0 Duplicates: 0 Stale: 0 Foreign: 0 Decode mean us: 566 Presented: 120 Present mean us: 26852 Present max us: 35438 
FPS: 0.00 Packets: 631 Observed packet loss: 0.00% Frame loss: 0.00% Dropped: 0 frames Missing: 0 Expired: 0 Superseded: 0 Shutdown: 0 Skipped: 0 RTT: N/A Throughput: 0.00 Mbps Validated: 120 Corrupt: 0 Invalid: 0 Duplicates: 0 Stale: 0 Foreign: 0 Decode mean us: 566 Presented: 120 Present mean us: 26852 Present max us: 35438 
FPS: 0.00 Packets: 631 Observed packet loss: 0.00% Frame loss: 0.00% Dropped: 0 frames Missing: 0 Expired: 0 Superseded: 0 Shutdown: 0 Skipped: 0 RTT: N/A Throughput: 0.00 Mbps Validated: 120 Corrupt: 0 Invalid: 0 Duplicates: 0 Stale: 0 Foreign: 0 Decode mean us: 566 Presented: 120 Present mean us: 26852 Present max us: 35438 
FPS: 0.00 Packets: 631 Observed packet loss: 0.00% Frame loss: 0.00% Dropped: 0 frames Missing: 0 Expired: 0 Superseded: 0 Shutdown: 0 Skipped: 0 RTT: N/A Throughput: 0.00 Mbps Validated: 120 Corrupt: 0 Invalid: 0 Duplicates: 0 Stale: 0 Foreign: 0 Decode mean us: 566 Presented: 120 Present mean us: 26852 Present max us: 35438 
FPS: 0.00 Packets: 631 Observed packet loss: 0.00% Frame loss: 0.00% Dropped: 0 frames Missing: 0 Expired: 0 Superseded: 0 Shutdown: 0 Skipped: 0 RTT: N/A Throughput: 0.00 Mbps Validated: 120 Corrupt: 0 Invalid: 0 Duplicates: 0 Stale: 0 Foreign: 0 Decode mean us: 566 Presented: 120 Present mean us: 26852 Present max us: 35438 
FPS: 0.00 Packets: 631 Observed packet loss: 0.00% Frame loss: 0.00% Dropped: 0 frames Missing: 0 Expired: 0 Superseded: 0 Shutdown: 0 Skipped: 0 RTT: N/A Throughput: 0.00 Mbps Validated: 120 Corrupt: 0 Invalid: 0 Duplicates: 0 Stale: 0 Foreign: 0 Decode mean us: 566 Presented: 120 Present mean us: 26852 Present max us: 35438 
FPS: 0.00 Packets: 631 Observed packet loss: 0.00% Frame loss: 0.00% Dropped: 0 frames Missing: 0 Expired: 0 Superseded: 0 Shutdown: 0 Skipped: 0 RTT: N/A Throughput: 0.00 Mbps Validated: 120 Corrupt: 0 Invalid: 0 Duplicates: 0 Stale: 0 Foreign: 0 Decode mean us: 566 Presented: 120 Present mean us: 26852 Present max us: 35438 
FPS: 0.00 Packets: 631 Observed packet loss: 0.00% Frame loss: 0.00% Dropped: 0 frames Missing: 0 Expired: 0 Superseded: 0 Shutdown: 0 Skipped: 0 RTT: N/A Throughput: 0.00 Mbps Validated: 120 Corrupt: 0 Invalid: 0 Duplicates: 0 Stale: 0 Foreign: 0 Decode mean us: 566 Presented: 120 Present mean us: 26852 Present max us: 35438 
FPS: 0.00 Packets: 631 Observed packet loss: 0.00% Frame loss: 0.00% Dropped: 0 frames Missing: 0 Expired: 0 Superseded: 0 Shutdown: 0 Skipped: 0 RTT: N/A Throughput: 0.00 Mbps Validated: 120 Corrupt: 0 Invalid: 0 Duplicates: 0 Stale: 0 Foreign: 0 Decode mean us: 566 Presented: 120 Present mean us: 26852 Present max us: 35438 
FPS: 0.00 Packets: 631 Observed packet loss: 0.00% Frame loss: 0.00% Dropped: 0 frames Missing: 0 Expired: 0 Superseded: 0 Shutdown: 0 Skipped: 0 RTT: N/A Throughput: 0.00 Mbps Validated: 120 Corrupt: 0 Invalid: 0 Duplicates: 0 Stale: 0 Foreign: 0 Decode mean us: 566 Presented: 120 Present mean us: 26852 Present max us: 35438 
FPS: 0.00 Packets: 631 Observed packet loss: 0.00% Frame loss: 0.00% Dropped: 0 frames Missing: 0 Expired: 0 Superseded: 0 Shutdown: 0 Skipped: 0 RTT: N/A Throughput: 0.00 Mbps Validated: 120 Corrupt: 0 Invalid: 0 Duplicates: 0 Stale: 0 Foreign: 0 Decode mean us: 566 Presented: 120 Present mean us: 26852 Present max us: 35438 
PASS: all 120 captured frames decoded and presented; zero loss or corruption; bidirectional feedback received.
