Window process: 22543
Encoder: libx264
[libx264 @ 0x55f4a1850fc0] using cpu capabilities: MMX2 SSE2Fast SSSE3 SSE4.2 AVX FMA3 BMI2 AVX2
[libx264 @ 0x55f4a1850fc0] profile Constrained Baseline, level 1.3, 4:2:0, 8-bit
[libx264 @ 0x55f4a1850fc0] frame I:300   Avg QP:33.95  size: 27522
[libx264 @ 0x55f4a1850fc0] mb I  I16..4: 100.0%  0.0%  0.0%
[libx264 @ 0x55f4a1850fc0] coded y,uvDC,uvAC intra: 99.7% 99.7% 99.7%
[libx264 @ 0x55f4a1850fc0] i16 v,h,dc,p:  0%  0% 97%  2%
[libx264 @ 0x55f4a1850fc0] i8c dc,h,v,p: 84%  1%  1% 14%
[libx264 @ 0x55f4a1850fc0] kb/s:6605.22
Encoded: 300 Packets: 7180 Bytes: 8262523 Encode mean us: 1888
Listening: 34897
Decoder: h264
Display: SDL3 CPU surface
FPS: 4.99 Packets: 120 Observed packet loss: 0.00% Frame loss: 0.00% Dropped: 0 frames Missing: 0 Expired: 0 Superseded: 0 Shutdown: 0 Skipped: 0 RTT: N/A Throughput: 1.13 Mbps Validated: 5 Corrupt: 0 Invalid: 0 Duplicates: 0 Stale: 0 Foreign: 0 Decode mean us: 4750 Presented: 5 Present mean us: 5919 Present max us: 8414 
FPS: 30.96 Packets: 844 Observed packet loss: 0.00% Frame loss: 0.00% Dropped: 0 frames Missing: 0 Expired: 0 Superseded: 0 Shutdown: 0 Skipped: 0 RTT: N/A Throughput: 6.85 Mbps Validated: 36 Corrupt: 0 Invalid: 0 Duplicates: 0 Stale: 0 Foreign: 0 Decode mean us: 4893 Presented: 36 Present mean us: 5228 Present max us: 8414 
FPS: 29.56 Packets: 1564 Observed packet loss: 0.00% Frame loss: 0.00% Dropped: 0 frames Missing: 0 Expired: 0 Superseded: 0 Shutdown: 0 Skipped: 0 RTT: N/A Throughput: 6.73 Mbps Validated: 66 Corrupt: 0 Invalid: 0 Duplicates: 0 Stale: 0 Foreign: 0 Decode mean us: 5106 Presented: 66 Present mean us: 5184 Present max us: 8414 
FPS: 29.95 Packets: 2285 Observed packet loss: 0.00% Frame loss: 0.00% Dropped: 0 frames Missing: 0 Expired: 0 Superseded: 0 Shutdown: 0 Skipped: 0 RTT: N/A Throughput: 6.82 Mbps Validated: 96 Corrupt: 0 Invalid: 0 Duplicates: 0 Stale: 0 Foreign: 0 Decode mean us: 5320 Presented: 96 Present mean us: 5334 Present max us: 8414 
FPS: 29.97 Packets: 3009 Observed packet loss: 0.00% Frame loss: 0.00% Dropped: 0 frames Missing: 0 Expired: 0 Superseded: 0 Shutdown: 0 Skipped: 0 RTT: N/A Throughput: 6.86 Mbps Validated: 126 Corrupt: 0 Invalid: 0 Duplicates: 0 Stale: 0 Foreign: 0 Decode mean us: 5189 Presented: 126 Present mean us: 5195 Present max us: 8414 
FPS: 28.93 Packets: 3701 Observed packet loss: 0.00% Frame loss: 0.00% Dropped: 0 frames Missing: 0 Expired: 0 Superseded: 0 Shutdown: 0 Skipped: 0 RTT: N/A Throughput: 6.54 Mbps Validated: 155 Corrupt: 0 Invalid: 0 Duplicates: 0 Stale: 0 Foreign: 0 Decode mean us: 5162 Presented: 155 Present mean us: 5182 Present max us: 8414 
FPS: 24.94 Packets: 4301 Observed packet loss: 0.00% Frame loss: 3.23% Dropped: 0 frames Missing: 0 Expired: 0 Superseded: 0 Shutdown: 0 Skipped: 6 RTT: N/A Throughput: 5.68 Mbps Validated: 180 Corrupt: 0 Invalid: 0 Duplicates: 0 Stale: 0 Foreign: 0 Decode mean us: 5218 Presented: 180 Present mean us: 5204 Present max us: 8414 
FPS: 30.00 Packets: 5037 Observed packet loss: 0.00% Frame loss: 2.78% Dropped: 0 frames Missing: 0 Expired: 0 Superseded: 0 Shutdown: 0 Skipped: 6 RTT: N/A Throughput: 6.98 Mbps Validated: 210 Corrupt: 0 Invalid: 0 Duplicates: 0 Stale: 0 Foreign: 0 Decode mean us: 5237 Presented: 210 Present mean us: 5226 Present max us: 8414 
FPS: 29.98 Packets: 5752 Observed packet loss: 0.00% Frame loss: 2.44% Dropped: 0 frames Missing: 0 Expired: 0 Superseded: 0 Shutdown: 0 Skipped: 6 RTT: N/A Throughput: 6.78 Mbps Validated: 240 Corrupt: 0 Invalid: 0 Duplicates: 0 Stale: 0 Foreign: 0 Decode mean us: 5322 Presented: 240 Present mean us: 5281 Present max us: 8414 
FPS: 29.89 Packets: 6476 Observed packet loss: 0.00% Frame loss: 2.17% Dropped: 0 frames Missing: 0 Expired: 0 Superseded: 0 Shutdown: 0 Skipped: 6 RTT: N/A Throughput: 6.84 Mbps Validated: 270 Corrupt: 0 Invalid: 0 Duplicates: 0 Stale: 0 Foreign: 0 Decode mean us: 5357 Presented: 270 Present mean us: 5317 Present max us: 8414 
FPS: 23.78 Packets: 7036 Observed packet loss: 0.00% Frame loss: 2.00% Dropped: 0 frames Missing: 0 Expired: 0 Superseded: 0 Shutdown: 0 Skipped: 6 RTT: N/A Throughput: 5.26 Mbps Validated: 294 Corrupt: 0 Invalid: 0 Duplicates: 0 Stale: 0 Foreign: 0 Decode mean us: 5296 Presented: 294 Present mean us: 5292 Present max us: 8414 
FPS: 0.00 Packets: 7036 Observed packet loss: 0.00% Frame loss: 2.00% Dropped: 0 frames Missing: 0 Expired: 0 Superseded: 0 Shutdown: 0 Skipped: 6 RTT: N/A Throughput: 0.00 Mbps Validated: 294 Corrupt: 0 Invalid: 0 Duplicates: 0 Stale: 0 Foreign: 0 Decode mean us: 5296 Presented: 294 Present mean us: 5292 Present max us: 8414 
FPS: 0.00 Packets: 7036 Observed packet loss: 0.00% Frame loss: 2.00% Dropped: 0 frames Missing: 0 Expired: 0 Superseded: 0 Shutdown: 0 Skipped: 6 RTT: N/A Throughput: 0.00 Mbps Validated: 294 Corrupt: 0 Invalid: 0 Duplicates: 0 Stale: 0 Foreign: 0 Decode mean us: 5296 Presented: 294 Present mean us: 5292 Present max us: 8414 
FPS: 0.00 Packets: 7036 Observed packet loss: 0.00% Frame loss: 2.00% Dropped: 0 frames Missing: 0 Expired: 0 Superseded: 0 Shutdown: 0 Skipped: 6 RTT: N/A Throughput: 0.00 Mbps Validated: 294 Corrupt: 0 Invalid: 0 Duplicates: 0 Stale: 0 Foreign: 0 Decode mean us: 5296 Presented: 294 Present mean us: 5292 Present max us: 8414 
FPS: 0.00 Packets: 7036 Observed packet loss: 0.00% Frame loss: 2.00% Dropped: 0 frames Missing: 0 Expired: 0 Superseded: 0 Shutdown: 0 Skipped: 6 RTT: N/A Throughput: 0.00 Mbps Validated: 294 Corrupt: 0 Invalid: 0 Duplicates: 0 Stale: 0 Foreign: 0 Decode mean us: 5296 Presented: 294 Present mean us: 5292 Present max us: 8414 
FPS: 0.00 Packets: 7036 Observed packet loss: 0.00% Frame loss: 2.00% Dropped: 0 frames Missing: 0 Expired: 0 Superseded: 0 Shutdown: 0 Skipped: 6 RTT: N/A Throughput: 0.00 Mbps Validated: 294 Corrupt: 0 Invalid: 0 Duplicates: 0 Stale: 0 Foreign: 0 Decode mean us: 5296 Presented: 294 Present mean us: 5292 Present max us: 8414 
FPS: 0.00 Packets: 7036 Observed packet loss: 0.00% Frame loss: 2.00% Dropped: 0 frames Missing: 0 Expired: 0 Superseded: 0 Shutdown: 0 Skipped: 6 RTT: N/A Throughput: 0.00 Mbps Validated: 294 Corrupt: 0 Invalid: 0 Duplicates: 0 Stale: 0 Foreign: 0 Decode mean us: 5296 Presented: 294 Present mean us: 5292 Present max us: 8414 
FPS: 0.00 Packets: 7036 Observed packet loss: 0.00% Frame loss: 2.00% Dropped: 0 frames Missing: 0 Expired: 0 Superseded: 0 Shutdown: 0 Skipped: 6 RTT: N/A Throughput: 0.00 Mbps Validated: 294 Corrupt: 0 Invalid: 0 Duplicates: 0 Stale: 0 Foreign: 0 Decode mean us: 5296 Presented: 294 Present mean us: 5292 Present max us: 8414 
FPS: 0.00 Packets: 7036 Observed packet loss: 0.00% Frame loss: 2.00% Dropped: 0 frames Missing: 0 Expired: 0 Superseded: 0 Shutdown: 0 Skipped: 6 RTT: N/A Throughput: 0.00 Mbps Validated: 294 Corrupt: 0 Invalid: 0 Duplicates: 0 Stale: 0 Foreign: 0 Decode mean us: 5296 Presented: 294 Present mean us: 5292 Present max us: 8414 
FPS: 0.00 Packets: 7036 Observed packet loss: 0.00% Frame loss: 2.00% Dropped: 0 frames Missing: 0 Expired: 0 Superseded: 0 Shutdown: 0 Skipped: 6 RTT: N/A Throughput: 0.00 Mbps Validated: 294 Corrupt: 0 Invalid: 0 Duplicates: 0 Stale: 0 Foreign: 0 Decode mean us: 5296 Presented: 294 Present mean us: 5292 Present max us: 8414 
RSS KiB: samples=90 min=81804 max=164792 first=81804 last=164792
Traceback (most recent call last):
  File "/home/tept/larp/benchmarks/render.py", line 84, in <module>
    raise RuntimeError('Transfer did not present every frame cleanly')
RuntimeError: Transfer did not present every frame cleanly
