Window process: 166505
[libx264 @ 0x55aa43492540] using cpu capabilities: MMX2 SSE2Fast SSSE3 SSE4.2 AVX FMA3 BMI2 AVX2
[libx264 @ 0x55aa43492540] profile Constrained Baseline, level 1.3, 4:2:0, 8-bit
Encoder: libx264
[libx264 @ 0x55aa43492540] frame I:900   Avg QP:33.98  size: 27576
[libx264 @ 0x55aa43492540] mb I  I16..4: 100.0%  0.0%  0.0%
[libx264 @ 0x55aa43492540] coded y,uvDC,uvAC intra: 99.9% 99.9% 99.9%
[libx264 @ 0x55aa43492540] i16 v,h,dc,p:  0%  0% 98%  2%
[libx264 @ 0x55aa43492540] i8c dc,h,v,p: 84%  1%  1% 14%
[libx264 @ 0x55aa43492540] kb/s:6618.15
Encoded: 900 Packets: 21580 Bytes: 24836071 Encode mean us: 1798
Listening: 47117
Decoder: h264
Display: SDL3 CPU surface
FPS: 29.56 Packets: 700 Observed packet loss: 0.00% Frame loss: 0.00% Dropped: 0 frames Missing: 0 Expired: 0 Superseded: 0 Shutdown: 0 Skipped: 0 RTT: N/A Throughput: 6.53 Mbps Validated: 30 Corrupt: 0 Invalid: 0 Duplicates: 0 Stale: 0 Foreign: 0 Decode mean us: 1658 Presented: 30 Present mean us: 8694 Present max us: 15827 
FPS: 29.93 Packets: 1420 Observed packet loss: 0.00% Frame loss: 0.00% Dropped: 0 frames Missing: 0 Expired: 0 Superseded: 0 Shutdown: 0 Skipped: 0 RTT: N/A Throughput: 6.81 Mbps Validated: 60 Corrupt: 0 Invalid: 0 Duplicates: 0 Stale: 0 Foreign: 0 Decode mean us: 1537 Presented: 60 Present mean us: 8061 Present max us: 15827 
FPS: 29.76 Packets: 2140 Observed packet loss: 0.00% Frame loss: 0.00% Dropped: 0 frames Missing: 0 Expired: 0 Superseded: 0 Shutdown: 0 Skipped: 0 RTT: N/A Throughput: 6.77 Mbps Validated: 90 Corrupt: 0 Invalid: 0 Duplicates: 0 Stale: 0 Foreign: 0 Decode mean us: 1507 Presented: 90 Present mean us: 7740 Present max us: 15827 
FPS: 29.98 Packets: 2860 Observed packet loss: 0.00% Frame loss: 0.00% Dropped: 0 frames Missing: 0 Expired: 0 Superseded: 0 Shutdown: 0 Skipped: 0 RTT: N/A Throughput: 6.82 Mbps Validated: 120 Corrupt: 0 Invalid: 0 Duplicates: 0 Stale: 0 Foreign: 0 Decode mean us: 1581 Presented: 120 Present mean us: 7939 Present max us: 15827 
FPS: 30.51 Packets: 3604 Observed packet loss: 0.00% Frame loss: 0.00% Dropped: 0 frames Missing: 0 Expired: 0 Superseded: 0 Shutdown: 0 Skipped: 0 RTT: N/A Throughput: 6.94 Mbps Validated: 151 Corrupt: 0 Invalid: 0 Duplicates: 0 Stale: 0 Foreign: 0 Decode mean us: 1613 Presented: 151 Present mean us: 8084 Present max us: 15827 
FPS: 30.00 Packets: 4324 Observed packet loss: 0.00% Frame loss: 0.00% Dropped: 0 frames Missing: 0 Expired: 0 Superseded: 0 Shutdown: 0 Skipped: 0 RTT: N/A Throughput: 6.83 Mbps Validated: 181 Corrupt: 0 Invalid: 0 Duplicates: 0 Stale: 0 Foreign: 0 Decode mean us: 1634 Presented: 181 Present mean us: 8291 Present max us: 15977 
FPS: 29.81 Packets: 5044 Observed packet loss: 0.00% Frame loss: 0.00% Dropped: 0 frames Missing: 0 Expired: 0 Superseded: 0 Shutdown: 0 Skipped: 0 RTT: N/A Throughput: 6.78 Mbps Validated: 211 Corrupt: 0 Invalid: 0 Duplicates: 0 Stale: 0 Foreign: 0 Decode mean us: 1623 Presented: 211 Present mean us: 8437 Present max us: 15977 
FPS: 29.86 Packets: 5764 Observed packet loss: 0.00% Frame loss: 0.00% Dropped: 0 frames Missing: 0 Expired: 0 Superseded: 0 Shutdown: 0 Skipped: 0 RTT: N/A Throughput: 6.79 Mbps Validated: 241 Corrupt: 0 Invalid: 0 Duplicates: 0 Stale: 0 Foreign: 0 Decode mean us: 1643 Presented: 241 Present mean us: 8670 Present max us: 15977 
FPS: 29.88 Packets: 6484 Observed packet loss: 0.00% Frame loss: 0.00% Dropped: 0 frames Missing: 0 Expired: 0 Superseded: 0 Shutdown: 0 Skipped: 0 RTT: N/A Throughput: 6.80 Mbps Validated: 271 Corrupt: 0 Invalid: 0 Duplicates: 0 Stale: 0 Foreign: 0 Decode mean us: 1642 Presented: 271 Present mean us: 8630 Present max us: 15977 
FPS: 29.97 Packets: 7204 Observed packet loss: 0.00% Frame loss: 0.00% Dropped: 0 frames Missing: 0 Expired: 0 Superseded: 0 Shutdown: 0 Skipped: 0 RTT: N/A Throughput: 6.82 Mbps Validated: 301 Corrupt: 0 Invalid: 0 Duplicates: 0 Stale: 0 Foreign: 0 Decode mean us: 1646 Presented: 301 Present mean us: 8610 Present max us: 15977 
FPS: 29.99 Packets: 7925 Observed packet loss: 0.00% Frame loss: 0.00% Dropped: 0 frames Missing: 0 Expired: 0 Superseded: 0 Shutdown: 0 Skipped: 0 RTT: N/A Throughput: 6.83 Mbps Validated: 331 Corrupt: 0 Invalid: 0 Duplicates: 0 Stale: 0 Foreign: 0 Decode mean us: 1626 Presented: 331 Present mean us: 8439 Present max us: 15977 
FPS: 29.96 Packets: 8645 Observed packet loss: 0.00% Frame loss: 0.00% Dropped: 0 frames Missing: 0 Expired: 0 Superseded: 0 Shutdown: 0 Skipped: 0 RTT: N/A Throughput: 6.82 Mbps Validated: 361 Corrupt: 0 Invalid: 0 Duplicates: 0 Stale: 0 Foreign: 0 Decode mean us: 1610 Presented: 361 Present mean us: 8325 Present max us: 15977 
FPS: 29.95 Packets: 9365 Observed packet loss: 0.00% Frame loss: 0.00% Dropped: 0 frames Missing: 0 Expired: 0 Superseded: 0 Shutdown: 0 Skipped: 0 RTT: N/A Throughput: 6.81 Mbps Validated: 391 Corrupt: 0 Invalid: 0 Duplicates: 0 Stale: 0 Foreign: 0 Decode mean us: 1614 Presented: 391 Present mean us: 8289 Present max us: 15977 
FPS: 30.59 Packets: 10108 Observed packet loss: 0.00% Frame loss: 0.00% Dropped: 0 frames Missing: 0 Expired: 0 Superseded: 0 Shutdown: 0 Skipped: 0 RTT: N/A Throughput: 6.95 Mbps Validated: 422 Corrupt: 0 Invalid: 0 Duplicates: 0 Stale: 0 Foreign: 0 Decode mean us: 1613 Presented: 422 Present mean us: 8234 Present max us: 15977 
FPS: 29.84 Packets: 10828 Observed packet loss: 0.00% Frame loss: 0.00% Dropped: 0 frames Missing: 0 Expired: 0 Superseded: 0 Shutdown: 0 Skipped: 0 RTT: N/A Throughput: 6.79 Mbps Validated: 452 Corrupt: 0 Invalid: 0 Duplicates: 0 Stale: 0 Foreign: 0 Decode mean us: 1626 Presented: 452 Present mean us: 8260 Present max us: 15977 
FPS: 29.79 Packets: 11548 Observed packet loss: 0.00% Frame loss: 0.00% Dropped: 0 frames Missing: 0 Expired: 0 Superseded: 0 Shutdown: 0 Skipped: 0 RTT: N/A Throughput: 6.78 Mbps Validated: 482 Corrupt: 0 Invalid: 0 Duplicates: 0 Stale: 0 Foreign: 0 Decode mean us: 1626 Presented: 482 Present mean us: 8267 Present max us: 15977 
FPS: 29.86 Packets: 12268 Observed packet loss: 0.00% Frame loss: 0.00% Dropped: 0 frames Missing: 0 Expired: 0 Superseded: 0 Shutdown: 0 Skipped: 0 RTT: N/A Throughput: 6.79 Mbps Validated: 512 Corrupt: 0 Invalid: 0 Duplicates: 0 Stale: 0 Foreign: 0 Decode mean us: 1628 Presented: 512 Present mean us: 8226 Present max us: 15977 
FPS: 29.97 Packets: 12988 Observed packet loss: 0.00% Frame loss: 0.00% Dropped: 0 frames Missing: 0 Expired: 0 Superseded: 0 Shutdown: 0 Skipped: 0 RTT: N/A Throughput: 6.82 Mbps Validated: 542 Corrupt: 0 Invalid: 0 Duplicates: 0 Stale: 0 Foreign: 0 Decode mean us: 1628 Presented: 542 Present mean us: 8195 Present max us: 15977 
FPS: 30.35 Packets: 13732 Observed packet loss: 0.00% Frame loss: 0.00% Dropped: 0 frames Missing: 0 Expired: 0 Superseded: 0 Shutdown: 0 Skipped: 0 RTT: N/A Throughput: 6.91 Mbps Validated: 573 Corrupt: 0 Invalid: 0 Duplicates: 0 Stale: 0 Foreign: 0 Decode mean us: 1643 Presented: 573 Present mean us: 8223 Present max us: 15977 
FPS: 29.80 Packets: 14452 Observed packet loss: 0.00% Frame loss: 0.00% Dropped: 0 frames Missing: 0 Expired: 0 Superseded: 0 Shutdown: 0 Skipped: 0 RTT: N/A Throughput: 6.78 Mbps Validated: 603 Corrupt: 0 Invalid: 0 Duplicates: 0 Stale: 0 Foreign: 0 Decode mean us: 1646 Presented: 603 Present mean us: 8219 Present max us: 15977 
FPS: 29.86 Packets: 15173 Observed packet loss: 0.00% Frame loss: 0.00% Dropped: 0 frames Missing: 0 Expired: 0 Superseded: 0 Shutdown: 0 Skipped: 0 RTT: N/A Throughput: 6.80 Mbps Validated: 633 Corrupt: 0 Invalid: 0 Duplicates: 0 Stale: 0 Foreign: 0 Decode mean us: 1655 Presented: 633 Present mean us: 8259 Present max us: 15977 
FPS: 29.97 Packets: 15892 Observed packet loss: 0.00% Frame loss: 0.00% Dropped: 0 frames Missing: 0 Expired: 0 Superseded: 0 Shutdown: 0 Skipped: 0 RTT: N/A Throughput: 6.81 Mbps Validated: 663 Corrupt: 0 Invalid: 0 Duplicates: 0 Stale: 0 Foreign: 0 Decode mean us: 1665 Presented: 663 Present mean us: 8309 Present max us: 15977 
FPS: 30.00 Packets: 16613 Observed packet loss: 0.00% Frame loss: 0.00% Dropped: 0 frames Missing: 0 Expired: 0 Superseded: 0 Shutdown: 0 Skipped: 0 RTT: N/A Throughput: 6.84 Mbps Validated: 693 Corrupt: 0 Invalid: 0 Duplicates: 0 Stale: 0 Foreign: 0 Decode mean us: 1679 Presented: 693 Present mean us: 8365 Present max us: 15977 
FPS: 29.98 Packets: 17332 Observed packet loss: 0.00% Frame loss: 0.00% Dropped: 0 frames Missing: 0 Expired: 0 Superseded: 0 Shutdown: 0 Skipped: 0 RTT: N/A Throughput: 6.81 Mbps Validated: 723 Corrupt: 0 Invalid: 0 Duplicates: 0 Stale: 0 Foreign: 0 Decode mean us: 1692 Presented: 723 Present mean us: 8417 Present max us: 15977 
FPS: 30.55 Packets: 18076 Observed packet loss: 0.00% Frame loss: 0.00% Dropped: 0 frames Missing: 0 Expired: 0 Superseded: 0 Shutdown: 0 Skipped: 0 RTT: N/A Throughput: 6.95 Mbps Validated: 754 Corrupt: 0 Invalid: 0 Duplicates: 0 Stale: 0 Foreign: 0 Decode mean us: 1691 Presented: 754 Present mean us: 8392 Present max us: 15977 
FPS: 29.82 Packets: 18796 Observed packet loss: 0.00% Frame loss: 0.00% Dropped: 0 frames Missing: 0 Expired: 0 Superseded: 0 Shutdown: 0 Skipped: 0 RTT: N/A Throughput: 6.78 Mbps Validated: 784 Corrupt: 0 Invalid: 0 Duplicates: 0 Stale: 0 Foreign: 0 Decode mean us: 1677 Presented: 784 Present mean us: 8329 Present max us: 15977 
FPS: 29.96 Packets: 19516 Observed packet loss: 0.00% Frame loss: 0.00% Dropped: 0 frames Missing: 0 Expired: 0 Superseded: 0 Shutdown: 0 Skipped: 0 RTT: N/A Throughput: 6.82 Mbps Validated: 814 Corrupt: 0 Invalid: 0 Duplicates: 0 Stale: 0 Foreign: 0 Decode mean us: 1678 Presented: 814 Present mean us: 8321 Present max us: 15977 
FPS: 29.74 Packets: 20236 Observed packet loss: 0.00% Frame loss: 0.00% Dropped: 0 frames Missing: 0 Expired: 0 Superseded: 0 Shutdown: 0 Skipped: 0 RTT: N/A Throughput: 6.77 Mbps Validated: 844 Corrupt: 0 Invalid: 0 Duplicates: 0 Stale: 0 Foreign: 0 Decode mean us: 1686 Presented: 844 Present mean us: 8341 Present max us: 15977 
FPS: 29.98 Packets: 20956 Observed packet loss: 0.00% Frame loss: 0.00% Dropped: 0 frames Missing: 0 Expired: 0 Superseded: 0 Shutdown: 0 Skipped: 0 RTT: N/A Throughput: 6.82 Mbps Validated: 874 Corrupt: 0 Invalid: 0 Duplicates: 0 Stale: 0 Foreign: 0 Decode mean us: 1685 Presented: 874 Present mean us: 8348 Present max us: 15977 
FPS: 25.92 Packets: 21580 Observed packet loss: 0.00% Frame loss: 0.00% Dropped: 0 frames Missing: 0 Expired: 0 Superseded: 0 Shutdown: 0 Skipped: 0 RTT: N/A Throughput: 5.90 Mbps Validated: 900 Corrupt: 0 Invalid: 0 Duplicates: 0 Stale: 0 Foreign: 0 Decode mean us: 1685 Presented: 900 Present mean us: 8361 Present max us: 15977 
FPS: 0.00 Packets: 21580 Observed packet loss: 0.00% Frame loss: 0.00% Dropped: 0 frames Missing: 0 Expired: 0 Superseded: 0 Shutdown: 0 Skipped: 0 RTT: N/A Throughput: 0.00 Mbps Validated: 900 Corrupt: 0 Invalid: 0 Duplicates: 0 Stale: 0 Foreign: 0 Decode mean us: 1685 Presented: 900 Present mean us: 8361 Present max us: 15977 
FPS: 0.00 Packets: 21580 Observed packet loss: 0.00% Frame loss: 0.00% Dropped: 0 frames Missing: 0 Expired: 0 Superseded: 0 Shutdown: 0 Skipped: 0 RTT: N/A Throughput: 0.00 Mbps Validated: 900 Corrupt: 0 Invalid: 0 Duplicates: 0 Stale: 0 Foreign: 0 Decode mean us: 1685 Presented: 900 Present mean us: 8361 Present max us: 15977 
FPS: 0.00 Packets: 21580 Observed packet loss: 0.00% Frame loss: 0.00% Dropped: 0 frames Missing: 0 Expired: 0 Superseded: 0 Shutdown: 0 Skipped: 0 RTT: N/A Throughput: 0.00 Mbps Validated: 900 Corrupt: 0 Invalid: 0 Duplicates: 0 Stale: 0 Foreign: 0 Decode mean us: 1685 Presented: 900 Present mean us: 8361 Present max us: 15977 
RSS KiB: samples=155 min=51892 max=51892 first=51892 last=51892
