Window process: 19335
Encoder: libx264
[libx264 @ 0x55794bf15fc0] using cpu capabilities: MMX2 SSE2Fast SSSE3 SSE4.2 AVX FMA3 BMI2 AVX2
[libx264 @ 0x55794bf15fc0] profile Constrained Baseline, level 1.3, 4:2:0, 8-bit
[libx264 @ 0x55794bf15fc0] frame I:900   Avg QP:33.98  size: 27576
[libx264 @ 0x55794bf15fc0] mb I  I16..4: 100.0%  0.0%  0.0%
[libx264 @ 0x55794bf15fc0] coded y,uvDC,uvAC intra: 99.9% 99.9% 99.9%
[libx264 @ 0x55794bf15fc0] i16 v,h,dc,p:  0%  0% 98%  2%
[libx264 @ 0x55794bf15fc0] i8c dc,h,v,p: 84%  1%  1% 14%
[libx264 @ 0x55794bf15fc0] kb/s:6618.15
Encoded: 900 Packets: 21580 Bytes: 24836071 Encode mean us: 1794
Listening: 60001
Decoder: h264
Display: SDL3 CPU surface
FPS: 6.88 Packets: 149 Observed packet loss: 0.00% Frame loss: 0.00% Dropped: 0 frames Missing: 0 Expired: 0 Superseded: 0 Shutdown: 0 Skipped: 0 RTT: N/A Throughput: 1.38 Mbps Validated: 7 Corrupt: 0 Invalid: 0 Duplicates: 0 Stale: 0 Foreign: 0 Decode mean us: 2729 Presented: 7 Present mean us: 9089 Present max us: 10569 
FPS: 29.94 Packets: 869 Observed packet loss: 0.00% Frame loss: 0.00% Dropped: 0 frames Missing: 0 Expired: 0 Superseded: 0 Shutdown: 0 Skipped: 0 RTT: N/A Throughput: 6.81 Mbps Validated: 37 Corrupt: 0 Invalid: 0 Duplicates: 0 Stale: 0 Foreign: 0 Decode mean us: 2277 Presented: 37 Present mean us: 7571 Present max us: 10569 
FPS: 29.92 Packets: 1589 Observed packet loss: 0.00% Frame loss: 0.00% Dropped: 0 frames Missing: 0 Expired: 0 Superseded: 0 Shutdown: 0 Skipped: 0 RTT: N/A Throughput: 6.81 Mbps Validated: 67 Corrupt: 0 Invalid: 0 Duplicates: 0 Stale: 0 Foreign: 0 Decode mean us: 2357 Presented: 67 Present mean us: 7383 Present max us: 10569 
FPS: 29.89 Packets: 2308 Observed packet loss: 0.00% Frame loss: 0.00% Dropped: 0 frames Missing: 0 Expired: 0 Superseded: 0 Shutdown: 0 Skipped: 0 RTT: N/A Throughput: 6.79 Mbps Validated: 97 Corrupt: 0 Invalid: 0 Duplicates: 0 Stale: 0 Foreign: 0 Decode mean us: 2473 Presented: 97 Present mean us: 7602 Present max us: 10569 
FPS: 29.98 Packets: 3029 Observed packet loss: 0.00% Frame loss: 0.00% Dropped: 0 frames Missing: 0 Expired: 0 Superseded: 0 Shutdown: 0 Skipped: 0 RTT: N/A Throughput: 6.83 Mbps Validated: 127 Corrupt: 0 Invalid: 0 Duplicates: 0 Stale: 0 Foreign: 0 Decode mean us: 2499 Presented: 127 Present mean us: 7636 Present max us: 10569 
FPS: 29.92 Packets: 3748 Observed packet loss: 0.00% Frame loss: 0.00% Dropped: 0 frames Missing: 0 Expired: 0 Superseded: 0 Shutdown: 0 Skipped: 0 RTT: N/A Throughput: 6.80 Mbps Validated: 157 Corrupt: 0 Invalid: 0 Duplicates: 0 Stale: 0 Foreign: 0 Decode mean us: 2510 Presented: 157 Present mean us: 7584 Present max us: 10569 
FPS: 30.00 Packets: 4473 Observed packet loss: 0.00% Frame loss: 0.00% Dropped: 0 frames Missing: 0 Expired: 0 Superseded: 0 Shutdown: 0 Skipped: 0 RTT: N/A Throughput: 6.87 Mbps Validated: 187 Corrupt: 0 Invalid: 0 Duplicates: 0 Stale: 0 Foreign: 0 Decode mean us: 2463 Presented: 187 Present mean us: 7514 Present max us: 10575 
FPS: 29.89 Packets: 5197 Observed packet loss: 0.00% Frame loss: 0.00% Dropped: 0 frames Missing: 0 Expired: 0 Superseded: 0 Shutdown: 0 Skipped: 0 RTT: N/A Throughput: 6.84 Mbps Validated: 217 Corrupt: 0 Invalid: 0 Duplicates: 0 Stale: 0 Foreign: 0 Decode mean us: 2479 Presented: 217 Present mean us: 7543 Present max us: 10575 
FPS: 29.96 Packets: 5921 Observed packet loss: 0.00% Frame loss: 0.00% Dropped: 0 frames Missing: 0 Expired: 0 Superseded: 0 Shutdown: 0 Skipped: 0 RTT: N/A Throughput: 6.85 Mbps Validated: 247 Corrupt: 0 Invalid: 0 Duplicates: 0 Stale: 0 Foreign: 0 Decode mean us: 2494 Presented: 247 Present mean us: 7525 Present max us: 10575 
FPS: 30.00 Packets: 6643 Observed packet loss: 0.00% Frame loss: 0.00% Dropped: 0 frames Missing: 0 Expired: 0 Superseded: 0 Shutdown: 0 Skipped: 0 RTT: N/A Throughput: 6.85 Mbps Validated: 277 Corrupt: 0 Invalid: 0 Duplicates: 0 Stale: 0 Foreign: 0 Decode mean us: 2505 Presented: 277 Present mean us: 7569 Present max us: 10575 
FPS: 29.98 Packets: 7367 Observed packet loss: 0.00% Frame loss: 0.00% Dropped: 0 frames Missing: 0 Expired: 0 Superseded: 0 Shutdown: 0 Skipped: 0 RTT: N/A Throughput: 6.86 Mbps Validated: 307 Corrupt: 0 Invalid: 0 Duplicates: 0 Stale: 0 Foreign: 0 Decode mean us: 2525 Presented: 307 Present mean us: 7626 Present max us: 10776 
FPS: 29.97 Packets: 8082 Observed packet loss: 0.00% Frame loss: 0.00% Dropped: 0 frames Missing: 0 Expired: 0 Superseded: 0 Shutdown: 0 Skipped: 0 RTT: N/A Throughput: 6.77 Mbps Validated: 337 Corrupt: 0 Invalid: 0 Duplicates: 0 Stale: 0 Foreign: 0 Decode mean us: 2534 Presented: 337 Present mean us: 7647 Present max us: 10776 
FPS: 30.99 Packets: 8812 Observed packet loss: 0.00% Frame loss: 0.00% Dropped: 0 frames Missing: 0 Expired: 0 Superseded: 0 Shutdown: 0 Skipped: 0 RTT: N/A Throughput: 6.91 Mbps Validated: 368 Corrupt: 0 Invalid: 0 Duplicates: 0 Stale: 0 Foreign: 0 Decode mean us: 2538 Presented: 368 Present mean us: 7650 Present max us: 10776 
FPS: 29.99 Packets: 9532 Observed packet loss: 0.00% Frame loss: 0.00% Dropped: 0 frames Missing: 0 Expired: 0 Superseded: 0 Shutdown: 0 Skipped: 0 RTT: N/A Throughput: 6.82 Mbps Validated: 398 Corrupt: 0 Invalid: 0 Duplicates: 0 Stale: 0 Foreign: 0 Decode mean us: 2538 Presented: 398 Present mean us: 7647 Present max us: 10776 
FPS: 29.40 Packets: 10252 Observed packet loss: 0.00% Frame loss: 0.00% Dropped: 0 frames Missing: 0 Expired: 0 Superseded: 0 Shutdown: 0 Skipped: 0 RTT: N/A Throughput: 6.69 Mbps Validated: 428 Corrupt: 0 Invalid: 0 Duplicates: 0 Stale: 0 Foreign: 0 Decode mean us: 2543 Presented: 428 Present mean us: 7649 Present max us: 10776 
FPS: 29.90 Packets: 10972 Observed packet loss: 0.00% Frame loss: 0.00% Dropped: 0 frames Missing: 0 Expired: 0 Superseded: 0 Shutdown: 0 Skipped: 0 RTT: N/A Throughput: 6.80 Mbps Validated: 458 Corrupt: 0 Invalid: 0 Duplicates: 0 Stale: 0 Foreign: 0 Decode mean us: 2562 Presented: 458 Present mean us: 7681 Present max us: 10776 
FPS: 29.95 Packets: 11693 Observed packet loss: 0.00% Frame loss: 0.00% Dropped: 0 frames Missing: 0 Expired: 0 Superseded: 0 Shutdown: 0 Skipped: 0 RTT: N/A Throughput: 6.82 Mbps Validated: 488 Corrupt: 0 Invalid: 0 Duplicates: 0 Stale: 0 Foreign: 0 Decode mean us: 2571 Presented: 488 Present mean us: 7663 Present max us: 10776 
FPS: 29.96 Packets: 12419 Observed packet loss: 0.00% Frame loss: 0.00% Dropped: 0 frames Missing: 0 Expired: 0 Superseded: 0 Shutdown: 0 Skipped: 0 RTT: N/A Throughput: 6.88 Mbps Validated: 518 Corrupt: 0 Invalid: 0 Duplicates: 0 Stale: 0 Foreign: 0 Decode mean us: 2573 Presented: 518 Present mean us: 7661 Present max us: 10776 
FPS: 29.92 Packets: 13133 Observed packet loss: 0.00% Frame loss: 0.00% Dropped: 0 frames Missing: 0 Expired: 0 Superseded: 0 Shutdown: 0 Skipped: 0 RTT: N/A Throughput: 6.75 Mbps Validated: 548 Corrupt: 0 Invalid: 0 Duplicates: 0 Stale: 0 Foreign: 0 Decode mean us: 2573 Presented: 548 Present mean us: 7645 Present max us: 10776 
FPS: 29.96 Packets: 13860 Observed packet loss: 0.00% Frame loss: 0.00% Dropped: 0 frames Missing: 0 Expired: 0 Superseded: 0 Shutdown: 0 Skipped: 0 RTT: N/A Throughput: 6.89 Mbps Validated: 578 Corrupt: 0 Invalid: 0 Duplicates: 0 Stale: 0 Foreign: 0 Decode mean us: 2566 Presented: 578 Present mean us: 7645 Present max us: 10776 
FPS: 29.76 Packets: 14578 Observed packet loss: 0.00% Frame loss: 0.00% Dropped: 0 frames Missing: 0 Expired: 0 Superseded: 0 Shutdown: 0 Skipped: 0 RTT: N/A Throughput: 6.75 Mbps Validated: 608 Corrupt: 0 Invalid: 0 Duplicates: 0 Stale: 0 Foreign: 0 Decode mean us: 2565 Presented: 608 Present mean us: 7630 Present max us: 10776 
FPS: 30.98 Packets: 15316 Observed packet loss: 0.00% Frame loss: 0.00% Dropped: 0 frames Missing: 0 Expired: 0 Superseded: 0 Shutdown: 0 Skipped: 0 RTT: N/A Throughput: 6.99 Mbps Validated: 639 Corrupt: 0 Invalid: 0 Duplicates: 0 Stale: 0 Foreign: 0 Decode mean us: 2567 Presented: 639 Present mean us: 7628 Present max us: 10776 
FPS: 29.45 Packets: 16037 Observed packet loss: 0.00% Frame loss: 0.00% Dropped: 0 frames Missing: 0 Expired: 0 Superseded: 0 Shutdown: 0 Skipped: 0 RTT: N/A Throughput: 6.71 Mbps Validated: 669 Corrupt: 0 Invalid: 0 Duplicates: 0 Stale: 0 Foreign: 0 Decode mean us: 2555 Presented: 669 Present mean us: 7594 Present max us: 10776 
FPS: 29.87 Packets: 16758 Observed packet loss: 0.00% Frame loss: 0.00% Dropped: 0 frames Missing: 0 Expired: 0 Superseded: 0 Shutdown: 0 Skipped: 0 RTT: N/A Throughput: 6.80 Mbps Validated: 699 Corrupt: 0 Invalid: 0 Duplicates: 0 Stale: 0 Foreign: 0 Decode mean us: 2560 Presented: 699 Present mean us: 7593 Present max us: 10776 
FPS: 29.98 Packets: 17477 Observed packet loss: 0.00% Frame loss: 0.00% Dropped: 0 frames Missing: 0 Expired: 0 Superseded: 0 Shutdown: 0 Skipped: 0 RTT: N/A Throughput: 6.81 Mbps Validated: 729 Corrupt: 0 Invalid: 0 Duplicates: 0 Stale: 0 Foreign: 0 Decode mean us: 2568 Presented: 729 Present mean us: 7611 Present max us: 10776 
FPS: 29.98 Packets: 18199 Observed packet loss: 0.00% Frame loss: 0.00% Dropped: 0 frames Missing: 0 Expired: 0 Superseded: 0 Shutdown: 0 Skipped: 0 RTT: N/A Throughput: 6.84 Mbps Validated: 759 Corrupt: 0 Invalid: 0 Duplicates: 0 Stale: 0 Foreign: 0 Decode mean us: 2567 Presented: 759 Present mean us: 7606 Present max us: 10776 
FPS: 29.97 Packets: 18926 Observed packet loss: 0.00% Frame loss: 0.00% Dropped: 0 frames Missing: 0 Expired: 0 Superseded: 0 Shutdown: 0 Skipped: 0 RTT: N/A Throughput: 6.89 Mbps Validated: 789 Corrupt: 0 Invalid: 0 Duplicates: 0 Stale: 0 Foreign: 0 Decode mean us: 2566 Presented: 789 Present mean us: 7595 Present max us: 10776 
FPS: 29.98 Packets: 19652 Observed packet loss: 0.00% Frame loss: 0.00% Dropped: 0 frames Missing: 0 Expired: 0 Superseded: 0 Shutdown: 0 Skipped: 0 RTT: N/A Throughput: 6.88 Mbps Validated: 819 Corrupt: 0 Invalid: 0 Duplicates: 0 Stale: 0 Foreign: 0 Decode mean us: 2572 Presented: 819 Present mean us: 7602 Present max us: 10776 
FPS: 29.99 Packets: 20361 Observed packet loss: 0.00% Frame loss: 0.00% Dropped: 0 frames Missing: 0 Expired: 0 Superseded: 0 Shutdown: 0 Skipped: 0 RTT: N/A Throughput: 6.72 Mbps Validated: 849 Corrupt: 0 Invalid: 0 Duplicates: 0 Stale: 0 Foreign: 0 Decode mean us: 2575 Presented: 849 Present mean us: 7609 Present max us: 10776 
FPS: 30.99 Packets: 21100 Observed packet loss: 0.00% Frame loss: 0.00% Dropped: 0 frames Missing: 0 Expired: 0 Superseded: 0 Shutdown: 0 Skipped: 0 RTT: N/A Throughput: 7.00 Mbps Validated: 880 Corrupt: 0 Invalid: 0 Duplicates: 0 Stale: 0 Foreign: 0 Decode mean us: 2572 Presented: 880 Present mean us: 7590 Present max us: 10776 
FPS: 19.83 Packets: 21580 Observed packet loss: 0.00% Frame loss: 0.00% Dropped: 0 frames Missing: 0 Expired: 0 Superseded: 0 Shutdown: 0 Skipped: 0 RTT: N/A Throughput: 4.51 Mbps Validated: 900 Corrupt: 0 Invalid: 0 Duplicates: 0 Stale: 0 Foreign: 0 Decode mean us: 2571 Presented: 900 Present mean us: 7585 Present max us: 10776 
FPS: 0.00 Packets: 21580 Observed packet loss: 0.00% Frame loss: 0.00% Dropped: 0 frames Missing: 0 Expired: 0 Superseded: 0 Shutdown: 0 Skipped: 0 RTT: N/A Throughput: 0.00 Mbps Validated: 900 Corrupt: 0 Invalid: 0 Duplicates: 0 Stale: 0 Foreign: 0 Decode mean us: 2571 Presented: 900 Present mean us: 7585 Present max us: 10776 
FPS: 0.00 Packets: 21580 Observed packet loss: 0.00% Frame loss: 0.00% Dropped: 0 frames Missing: 0 Expired: 0 Superseded: 0 Shutdown: 0 Skipped: 0 RTT: N/A Throughput: 0.00 Mbps Validated: 900 Corrupt: 0 Invalid: 0 Duplicates: 0 Stale: 0 Foreign: 0 Decode mean us: 2571 Presented: 900 Present mean us: 7585 Present max us: 10776 
FPS: 0.00 Packets: 21580 Observed packet loss: 0.00% Frame loss: 0.00% Dropped: 0 frames Missing: 0 Expired: 0 Superseded: 0 Shutdown: 0 Skipped: 0 RTT: N/A Throughput: 0.00 Mbps Validated: 900 Corrupt: 0 Invalid: 0 Duplicates: 0 Stale: 0 Foreign: 0 Decode mean us: 2571 Presented: 900 Present mean us: 7585 Present max us: 10776 
FPS: 0.00 Packets: 21580 Observed packet loss: 0.00% Frame loss: 0.00% Dropped: 0 frames Missing: 0 Expired: 0 Superseded: 0 Shutdown: 0 Skipped: 0 RTT: N/A Throughput: 0.00 Mbps Validated: 900 Corrupt: 0 Invalid: 0 Duplicates: 0 Stale: 0 Foreign: 0 Decode mean us: 2571 Presented: 900 Present mean us: 7585 Present max us: 10776 
FPS: 0.00 Packets: 21580 Observed packet loss: 0.00% Frame loss: 0.00% Dropped: 0 frames Missing: 0 Expired: 0 Superseded: 0 Shutdown: 0 Skipped: 0 RTT: N/A Throughput: 0.00 Mbps Validated: 900 Corrupt: 0 Invalid: 0 Duplicates: 0 Stale: 0 Foreign: 0 Decode mean us: 2571 Presented: 900 Present mean us: 7585 Present max us: 10776 
FPS: 0.00 Packets: 21580 Observed packet loss: 0.00% Frame loss: 0.00% Dropped: 0 frames Missing: 0 Expired: 0 Superseded: 0 Shutdown: 0 Skipped: 0 RTT: N/A Throughput: 0.00 Mbps Validated: 900 Corrupt: 0 Invalid: 0 Duplicates: 0 Stale: 0 Foreign: 0 Decode mean us: 2571 Presented: 900 Present mean us: 7585 Present max us: 10776 
FPS: 0.00 Packets: 21580 Observed packet loss: 0.00% Frame loss: 0.00% Dropped: 0 frames Missing: 0 Expired: 0 Superseded: 0 Shutdown: 0 Skipped: 0 RTT: N/A Throughput: 0.00 Mbps Validated: 900 Corrupt: 0 Invalid: 0 Duplicates: 0 Stale: 0 Foreign: 0 Decode mean us: 2571 Presented: 900 Present mean us: 7585 Present max us: 10776 
FPS: 0.00 Packets: 21580 Observed packet loss: 0.00% Frame loss: 0.00% Dropped: 0 frames Missing: 0 Expired: 0 Superseded: 0 Shutdown: 0 Skipped: 0 RTT: N/A Throughput: 0.00 Mbps Validated: 900 Corrupt: 0 Invalid: 0 Duplicates: 0 Stale: 0 Foreign: 0 Decode mean us: 2571 Presented: 900 Present mean us: 7585 Present max us: 10776 
FPS: 0.00 Packets: 21580 Observed packet loss: 0.00% Frame loss: 0.00% Dropped: 0 frames Missing: 0 Expired: 0 Superseded: 0 Shutdown: 0 Skipped: 0 RTT: N/A Throughput: 0.00 Mbps Validated: 900 Corrupt: 0 Invalid: 0 Duplicates: 0 Stale: 0 Foreign: 0 Decode mean us: 2571 Presented: 900 Present mean us: 7585 Present max us: 10776 
RSS KiB: samples=190 min=40984 max=40984 first=40984 last=40984
